<?xml version="1.0"?>
<link_info>
   <banner>TMS320C6x Linker PC v7.4.4</banner>
   <copyright>Copyright (c) 1996-2013 Texas Instruments Incorporated</copyright>
   <link_time>0x5811ef01</link_time>
   <output_file>ipc_buffer_io.out</output_file>
   <entry_point>
      <name>_my_boot</name>
      <address>0x11800000</address>
   </entry_point>
   <input_file_list>
      <input_file id="fl-2">
         <path>.\</path>
         <kind>object</kind>
         <file>myboot.obj</file>
         <name>myboot.obj</name>
      </input_file>
      <input_file id="fl-3">
         <path>.\</path>
         <kind>object</kind>
         <file>main_dsp.obj</file>
         <name>main_dsp.obj</name>
      </input_file>
      <input_file id="fl-83">
         <path>C:\ti\ccsv5\tools\compiler\c6000_7.4.4\lib\</path>
         <kind>archive</kind>
         <file>rts6740_elf.lib</file>
         <name>boot.obj</name>
      </input_file>
      <input_file id="fl-84">
         <path>C:\ti\ccsv5\tools\compiler\c6000_7.4.4\lib\</path>
         <kind>archive</kind>
         <file>rts6740_elf.lib</file>
         <name>copy_decompress_none.obj</name>
      </input_file>
      <input_file id="fl-85">
         <path>C:\ti\ccsv5\tools\compiler\c6000_7.4.4\lib\</path>
         <kind>archive</kind>
         <file>rts6740_elf.lib</file>
         <name>copy_decompress_rle.obj</name>
      </input_file>
      <input_file id="fl-86">
         <path>C:\ti\ccsv5\tools\compiler\c6000_7.4.4\lib\</path>
         <kind>archive</kind>
         <file>rts6740_elf.lib</file>
         <name>copy_zero_init.obj</name>
      </input_file>
      <input_file id="fl-87">
         <path>C:\ti\ccsv5\tools\compiler\c6000_7.4.4\lib\</path>
         <kind>archive</kind>
         <file>rts6740_elf.lib</file>
         <name>exit.obj</name>
      </input_file>
      <input_file id="fl-88">
         <path>C:\ti\ccsv5\tools\compiler\c6000_7.4.4\lib\</path>
         <kind>archive</kind>
         <file>rts6740_elf.lib</file>
         <name>memcpy64.obj</name>
      </input_file>
      <input_file id="fl-89">
         <path>C:\ti\ccsv5\tools\compiler\c6000_7.4.4\lib\</path>
         <kind>archive</kind>
         <file>rts6740_elf.lib</file>
         <name>memory.obj</name>
      </input_file>
      <input_file id="fl-8a">
         <path>C:\ti\ccsv5\tools\compiler\c6000_7.4.4\lib\</path>
         <kind>archive</kind>
         <file>rts6740_elf.lib</file>
         <name>_lock.obj</name>
      </input_file>
      <input_file id="fl-8b">
         <path>C:\ti\ccsv5\tools\compiler\c6000_7.4.4\lib\</path>
         <kind>archive</kind>
         <file>rts6740_elf.lib</file>
         <name>args_main.obj</name>
      </input_file>
      <input_file id="fl-8c">
         <path>C:\ti\ccsv5\tools\compiler\c6000_7.4.4\lib\</path>
         <kind>archive</kind>
         <file>rts6740_elf.lib</file>
         <name>autoinit.obj</name>
      </input_file>
      <input_file id="fl-8d">
         <path>C:\ti\ccsv5\tools\compiler\c6000_7.4.4\lib\</path>
         <kind>archive</kind>
         <file>rts6740_elf.lib</file>
         <name>cpp_init.obj</name>
      </input_file>
      <input_file id="fl-8e">
         <path>C:\ti\ccsv5\tools\compiler\c6000_7.4.4\lib\</path>
         <kind>archive</kind>
         <file>rts6740_elf.lib</file>
         <name>cpy_tbl.obj</name>
      </input_file>
      <input_file id="fl-8f">
         <path>C:\ti\ccsv5\tools\compiler\c6000_7.4.4\lib\</path>
         <kind>archive</kind>
         <file>rts6740_elf.lib</file>
         <name>tls.obj</name>
      </input_file>
      <input_file id="fl-90">
         <path>C:\ti\ccsv5\tools\compiler\c6000_7.4.4\lib\</path>
         <kind>archive</kind>
         <file>rts6740_elf.lib</file>
         <name>tls_get_tp.obj</name>
      </input_file>
      <input_file id="fl-91">
         <path>..\..\..\..\..\..\..\binary\c674x\cgt_ccs\omapl138\ipclite\Debug\</path>
         <kind>archive</kind>
         <file>ipclite.lib</file>
         <name>notify.obj</name>
      </input_file>
      <input_file id="fl-92">
         <path>..\..\..\..\..\..\..\binary\c674x\cgt_ccs\omapl138\ipclite\Debug\</path>
         <kind>archive</kind>
         <file>ipclite.lib</file>
         <name>ipc.obj</name>
      </input_file>
      <input_file id="fl-93">
         <path>..\..\..\..\..\..\..\binary\c674x\cgt_ccs\omapl138\ipclite\Debug\</path>
         <kind>archive</kind>
         <file>ipclite.lib</file>
         <name>notify_driver_OMAPL138.obj</name>
      </input_file>
      <input_file id="fl-94">
         <path>..\..\..\..\..\..\..\binary\c674x\cgt_ccs\omapl138\drivers\Debug\</path>
         <kind>archive</kind>
         <file>drivers.lib</file>
         <name>psc.obj</name>
      </input_file>
      <input_file id="fl-95">
         <path>..\..\..\..\..\..\..\binary\c674x\cgt_ccs\omapl138\drivers\Debug\</path>
         <kind>archive</kind>
         <file>drivers.lib</file>
         <name>gpio.obj</name>
      </input_file>
      <input_file id="fl-96">
         <path>..\..\..\..\..\..\..\binary\c674x\cgt_ccs\omapl138\system_config\Debug\</path>
         <kind>archive</kind>
         <file>system_config.lib</file>
         <name>interrupt.obj</name>
      </input_file>
      <input_file id="fl-97">
         <path>..\..\..\..\..\..\..\binary\c674x\cgt_ccs\omapl138\system_config\Debug\</path>
         <kind>archive</kind>
         <file>system_config.lib</file>
         <name>intvecs.obj</name>
      </input_file>
   </input_file_list>
   <object_component_list>
      <object_component id="oc-16">
         <name>my_boot_sect</name>
         <load_address>0x11800000</load_address>
         <run_address>0x11800000</run_address>
         <size>0x20</size>
         <input_file_ref idref="fl-2"/>
      </object_component>
      <object_component id="oc-1b1">
         <name>$Tramp$S$$_c_int00</name>
         <load_address>0x11800020</load_address>
         <run_address>0x11800020</run_address>
         <size>0x20</size>
         <input_file_ref idref="fl-83"/>
      </object_component>
      <object_component id="oc-b8">
         <name>.bss</name>
         <uninitialized>true</uninitialized>
         <run_address>0xc4006908</run_address>
         <size>0x8</size>
         <input_file_ref idref="fl-3"/>
      </object_component>
      <object_component id="oc-19a">
         <name>.cinit..fardata.load</name>
         <load_address>0xc4006910</load_address>
         <run_address>0xc4006910</run_address>
         <size>0x20</size>
      </object_component>
      <object_component id="oc-196">
         <name>__TI_handler_table</name>
         <load_address>0xc4006930</load_address>
         <run_address>0xc4006930</run_address>
         <size>0xc</size>
      </object_component>
      <object_component id="oc-198">
         <name>.cinit..bss.load</name>
         <load_address>0xc400693c</load_address>
         <run_address>0xc400693c</run_address>
         <size>0x8</size>
      </object_component>
      <object_component id="oc-199">
         <name>.cinit..far.load</name>
         <load_address>0xc4006944</load_address>
         <run_address>0xc4006944</run_address>
         <size>0x8</size>
      </object_component>
      <object_component id="oc-19b">
         <name>.cinit.ipc_arm.load</name>
         <load_address>0xc400694c</load_address>
         <run_address>0xc400694c</run_address>
         <size>0x8</size>
      </object_component>
      <object_component id="oc-19c">
         <name>.cinit.ipc_dsp.load</name>
         <load_address>0xc4006954</load_address>
         <run_address>0xc4006954</run_address>
         <size>0x8</size>
      </object_component>
      <object_component id="oc-197">
         <name>__TI_cinit_table</name>
         <load_address>0xc400695c</load_address>
         <run_address>0xc400695c</run_address>
         <size>0x28</size>
      </object_component>
      <object_component id="oc-bb">
         <name>.const</name>
         <load_address>0xc40068b4</load_address>
         <run_address>0xc40068b4</run_address>
         <size>0x14</size>
         <input_file_ref idref="fl-3"/>
      </object_component>
      <object_component id="oc-ba">
         <name>.const:.string</name>
         <load_address>0xc40068c8</load_address>
         <run_address>0xc40068c8</run_address>
         <size>0x10</size>
         <input_file_ref idref="fl-3"/>
      </object_component>
      <object_component id="oc-107">
         <name>.switch:GPIOIntTypeSet</name>
         <load_address>0xc40068f8</load_address>
         <run_address>0xc40068f8</run_address>
         <size>0x10</size>
         <input_file_ref idref="fl-95"/>
      </object_component>
      <object_component id="oc-32">
         <name>.text:retain</name>
         <load_address>0xc4000000</load_address>
         <run_address>0xc4000000</run_address>
         <size>0x1aa0</size>
         <input_file_ref idref="fl-96"/>
      </object_component>
      <object_component id="oc-c6">
         <name>.text</name>
         <load_address>0xc4001aa0</load_address>
         <run_address>0xc4001aa0</run_address>
         <size>0xc00</size>
         <input_file_ref idref="fl-91"/>
      </object_component>
      <object_component id="oc-cb">
         <name>.text</name>
         <load_address>0xc40026a0</load_address>
         <run_address>0xc40026a0</run_address>
         <size>0x5e0</size>
         <input_file_ref idref="fl-96"/>
      </object_component>
      <object_component id="oc-bd">
         <name>.text</name>
         <load_address>0xc4002c80</load_address>
         <run_address>0xc4002c80</run_address>
         <size>0x580</size>
         <input_file_ref idref="fl-95"/>
      </object_component>
      <object_component id="oc-8e">
         <name>.text</name>
         <load_address>0xc4003200</load_address>
         <run_address>0xc4003200</run_address>
         <size>0x2a0</size>
         <input_file_ref idref="fl-3"/>
      </object_component>
      <object_component id="oc-48">
         <name>.text:__TI_decompress_rle_core</name>
         <load_address>0xc40034a0</load_address>
         <run_address>0xc40034a0</run_address>
         <size>0x180</size>
         <input_file_ref idref="fl-85"/>
      </object_component>
      <object_component id="oc-c2">
         <name>.text:malloc</name>
         <load_address>0xc4003620</load_address>
         <run_address>0xc4003620</run_address>
         <size>0x180</size>
         <input_file_ref idref="fl-89"/>
      </object_component>
      <object_component id="oc-89">
         <name>.text:__TI_cpp_init</name>
         <load_address>0xc40037a0</load_address>
         <run_address>0xc40037a0</run_address>
         <size>0x60</size>
         <input_file_ref idref="fl-8d"/>
      </object_component>
      <object_component id="oc-2c">
         <name>.text</name>
         <load_address>0xc4003800</load_address>
         <run_address>0xc4003800</run_address>
         <size>0x200</size>
         <input_file_ref idref="fl-97"/>
      </object_component>
      <object_component id="oc-d5">
         <name>.text</name>
         <load_address>0xc4003a00</load_address>
         <run_address>0xc4003a00</run_address>
         <size>0x140</size>
         <input_file_ref idref="fl-94"/>
      </object_component>
      <object_component id="oc-d0">
         <name>.text</name>
         <load_address>0xc4003b40</load_address>
         <run_address>0xc4003b40</run_address>
         <size>0x140</size>
         <input_file_ref idref="fl-92"/>
      </object_component>
      <object_component id="oc-11f">
         <name>.text</name>
         <load_address>0xc4003c80</load_address>
         <run_address>0xc4003c80</run_address>
         <size>0x120</size>
         <input_file_ref idref="fl-93"/>
      </object_component>
      <object_component id="oc-56">
         <name>.text:_auto_init_elf</name>
         <load_address>0xc4003da0</load_address>
         <run_address>0xc4003da0</run_address>
         <size>0x100</size>
         <input_file_ref idref="fl-8c"/>
      </object_component>
      <object_component id="oc-81">
         <name>.text:copy_in</name>
         <load_address>0xc4003ea0</load_address>
         <run_address>0xc4003ea0</run_address>
         <size>0x100</size>
         <input_file_ref idref="fl-8e"/>
      </object_component>
      <object_component id="oc-1e">
         <name>.text:decompress:ZI:__TI_zero_init</name>
         <load_address>0xc4003fa0</load_address>
         <run_address>0xc4003fa0</run_address>
         <size>0xe0</size>
         <input_file_ref idref="fl-86"/>
      </object_component>
      <object_component id="oc-5e">
         <name>.text:exit</name>
         <load_address>0xc4004080</load_address>
         <run_address>0xc4004080</run_address>
         <size>0xc0</size>
         <input_file_ref idref="fl-87"/>
      </object_component>
      <object_component id="oc-85">
         <name>.text:tls:init:__TI_tls_init</name>
         <load_address>0xc4004140</load_address>
         <run_address>0xc4004140</run_address>
         <size>0xc0</size>
         <input_file_ref idref="fl-8f"/>
      </object_component>
      <object_component id="oc-112">
         <name>.text:_minit</name>
         <load_address>0xc4004200</load_address>
         <run_address>0xc4004200</run_address>
         <size>0xa0</size>
         <input_file_ref idref="fl-89"/>
      </object_component>
      <object_component id="oc-38">
         <name>.text:memcpy</name>
         <load_address>0xc40042a0</load_address>
         <run_address>0xc40042a0</run_address>
         <size>0xa0</size>
         <input_file_ref idref="fl-88"/>
      </object_component>
      <object_component id="oc-11a">
         <name>.text:minsert</name>
         <load_address>0xc4004340</load_address>
         <run_address>0xc4004340</run_address>
         <size>0xa0</size>
         <input_file_ref idref="fl-89"/>
      </object_component>
      <object_component id="oc-116">
         <name>.text:mremove</name>
         <load_address>0xc40043e0</load_address>
         <run_address>0xc40043e0</run_address>
         <size>0xa0</size>
         <input_file_ref idref="fl-89"/>
      </object_component>
      <object_component id="oc-5a">
         <name>.text:_args_main</name>
         <load_address>0xc4004480</load_address>
         <run_address>0xc4004480</run_address>
         <size>0x40</size>
         <input_file_ref idref="fl-8b"/>
      </object_component>
      <object_component id="oc-150">
         <name>.text:_nop</name>
         <load_address>0xc40044c0</load_address>
         <run_address>0xc40044c0</run_address>
         <size>0x20</size>
         <input_file_ref idref="fl-8a"/>
      </object_component>
      <object_component id="oc-96">
         <name>.text:abort</name>
         <load_address>0xc40044e0</load_address>
         <run_address>0xc40044e0</run_address>
         <size>0x20</size>
         <input_file_ref idref="fl-87"/>
      </object_component>
      <object_component id="oc-1a">
         <name>.text:decompress:none:__TI_decompress_none</name>
         <load_address>0xc4004500</load_address>
         <run_address>0xc4004500</run_address>
         <size>0x20</size>
         <input_file_ref idref="fl-84"/>
      </object_component>
      <object_component id="oc-22">
         <name>.text:decompress:rle24:__TI_decompress_rle24</name>
         <load_address>0xc4004520</load_address>
         <run_address>0xc4004520</run_address>
         <size>0x20</size>
         <input_file_ref idref="fl-85"/>
      </object_component>
      <object_component id="oc-28">
         <name>.text:_c_int00</name>
         <load_address>0xc4006c00</load_address>
         <run_address>0xc4006c00</run_address>
         <size>0x80</size>
         <input_file_ref idref="fl-83"/>
      </object_component>
      <object_component id="oc-67">
         <name>.far</name>
         <uninitialized>true</uninitialized>
         <run_address>0xc4006540</run_address>
         <size>0x240</size>
         <input_file_ref idref="fl-96"/>
      </object_component>
      <object_component id="oc-124">
         <name>.far</name>
         <uninitialized>true</uninitialized>
         <run_address>0xc4006780</run_address>
         <size>0x128</size>
         <input_file_ref idref="fl-91"/>
      </object_component>
      <object_component id="oc-138">
         <name>.far</name>
         <uninitialized>true</uninitialized>
         <run_address>0xc40068a8</run_address>
         <size>0xc</size>
         <input_file_ref idref="fl-92"/>
      </object_component>
      <object_component id="oc-94">
         <name>.fardata</name>
         <load_address>0xc40068d8</load_address>
         <run_address>0xc40068d8</run_address>
         <size>0xc</size>
         <input_file_ref idref="fl-87"/>
      </object_component>
      <object_component id="oc-10e">
         <name>.fardata</name>
         <load_address>0xc40068f0</load_address>
         <run_address>0xc40068f0</run_address>
         <size>0x8</size>
         <input_file_ref idref="fl-8a"/>
      </object_component>
      <object_component id="oc-110">
         <name>.fardata</name>
         <load_address>0xc40068e4</load_address>
         <run_address>0xc40068e4</run_address>
         <size>0xc</size>
         <input_file_ref idref="fl-89"/>
      </object_component>
      <object_component id="oc-26">
         <name>.stack</name>
         <uninitialized>true</uninitialized>
         <run_address>0xc4004540</run_address>
         <size>0x8</size>
         <input_file_ref idref="fl-83"/>
      </object_component>
      <object_component id="oc-19d">
         <name>.stack</name>
         <uninitialized>true</uninitialized>
         <run_address>0xc4004540</run_address>
         <size>0x0</size>
      </object_component>
      <object_component id="oc-30">
         <name>.sysmem</name>
         <uninitialized>true</uninitialized>
         <run_address>0xc4005540</run_address>
         <size>0x8</size>
         <input_file_ref idref="fl-89"/>
      </object_component>
      <object_component id="oc-19e">
         <name>.sysmem</name>
         <uninitialized>true</uninitialized>
         <run_address>0xc4005540</run_address>
         <size>0x0</size>
      </object_component>
      <object_component id="oc-103">
         <name>ipc_arm</name>
         <uninitialized>true</uninitialized>
         <run_address>0x80000000</run_address>
         <size>0x10</size>
         <input_file_ref idref="fl-3"/>
      </object_component>
      <object_component id="oc-101">
         <name>ipc_dsp</name>
         <uninitialized>true</uninitialized>
         <run_address>0x80000010</run_address>
         <size>0x10</size>
         <input_file_ref idref="fl-3"/>
      </object_component>
      <object_component id="oc-17">
         <name>.debug_info</name>
         <load_address>0x0</load_address>
         <run_address>0x0</run_address>
         <size>0x101</size>
         <input_file_ref idref="fl-2"/>
      </object_component>
      <object_component id="oc-1b">
         <name>.debug_info</name>
         <load_address>0x101</load_address>
         <run_address>0x101</run_address>
         <size>0x14f</size>
         <input_file_ref idref="fl-84"/>
      </object_component>
      <object_component id="oc-1f">
         <name>.debug_info</name>
         <load_address>0x250</load_address>
         <run_address>0x250</run_address>
         <size>0x190</size>
         <input_file_ref idref="fl-86"/>
      </object_component>
      <object_component id="oc-23">
         <name>.debug_info</name>
         <load_address>0x3e0</load_address>
         <run_address>0x3e0</run_address>
         <size>0x16c</size>
         <input_file_ref idref="fl-85"/>
      </object_component>
      <object_component id="oc-27">
         <name>.debug_info</name>
         <load_address>0x54c</load_address>
         <run_address>0x54c</run_address>
         <size>0xa7</size>
         <input_file_ref idref="fl-83"/>
      </object_component>
      <object_component id="oc-29">
         <name>.debug_info</name>
         <load_address>0x5f3</load_address>
         <run_address>0x5f3</run_address>
         <size>0x110</size>
         <input_file_ref idref="fl-83"/>
      </object_component>
      <object_component id="oc-2d">
         <name>.debug_info</name>
         <load_address>0x703</load_address>
         <run_address>0x703</run_address>
         <size>0x1a3</size>
         <input_file_ref idref="fl-97"/>
      </object_component>
      <object_component id="oc-31">
         <name>.debug_info</name>
         <load_address>0x8a6</load_address>
         <run_address>0x8a6</run_address>
         <size>0xb3</size>
         <input_file_ref idref="fl-89"/>
      </object_component>
      <object_component id="oc-33">
         <name>.debug_info</name>
         <load_address>0x959</load_address>
         <run_address>0x959</run_address>
         <size>0x1090</size>
         <input_file_ref idref="fl-96"/>
      </object_component>
      <object_component id="oc-39">
         <name>.debug_info</name>
         <load_address>0x19e9</load_address>
         <run_address>0x19e9</run_address>
         <size>0xd6</size>
         <input_file_ref idref="fl-88"/>
      </object_component>
      <object_component id="oc-3d">
         <name>.debug_info</name>
         <load_address>0x1abf</load_address>
         <run_address>0x1abf</run_address>
         <size>0x53</size>
         <input_file_ref idref="fl-84"/>
      </object_component>
      <object_component id="oc-43">
         <name>.debug_info</name>
         <load_address>0x1b12</load_address>
         <run_address>0x1b12</run_address>
         <size>0x53</size>
         <input_file_ref idref="fl-86"/>
      </object_component>
      <object_component id="oc-49">
         <name>.debug_info</name>
         <load_address>0x1b65</load_address>
         <run_address>0x1b65</run_address>
         <size>0x2f2</size>
         <input_file_ref idref="fl-85"/>
      </object_component>
      <object_component id="oc-4d">
         <name>.debug_info</name>
         <load_address>0x1e57</load_address>
         <run_address>0x1e57</run_address>
         <size>0x1d7</size>
         <input_file_ref idref="fl-85"/>
      </object_component>
      <object_component id="oc-4e">
         <name>.debug_info</name>
         <load_address>0x202e</load_address>
         <run_address>0x202e</run_address>
         <size>0x46</size>
         <input_file_ref idref="fl-85"/>
      </object_component>
      <object_component id="oc-55">
         <name>.debug_info</name>
         <load_address>0x2074</load_address>
         <run_address>0x2074</run_address>
         <size>0xfc</size>
         <input_file_ref idref="fl-83"/>
      </object_component>
      <object_component id="oc-57">
         <name>.debug_info</name>
         <load_address>0x2170</load_address>
         <run_address>0x2170</run_address>
         <size>0x190</size>
         <input_file_ref idref="fl-8c"/>
      </object_component>
      <object_component id="oc-5b">
         <name>.debug_info</name>
         <load_address>0x2300</load_address>
         <run_address>0x2300</run_address>
         <size>0xf6</size>
         <input_file_ref idref="fl-8b"/>
      </object_component>
      <object_component id="oc-5f">
         <name>.debug_info</name>
         <load_address>0x23f6</load_address>
         <run_address>0x23f6</run_address>
         <size>0x10c</size>
         <input_file_ref idref="fl-87"/>
      </object_component>
      <object_component id="oc-66">
         <name>.debug_info</name>
         <load_address>0x2502</load_address>
         <run_address>0x2502</run_address>
         <size>0x16a</size>
         <input_file_ref idref="fl-89"/>
      </object_component>
      <object_component id="oc-68">
         <name>.debug_info</name>
         <load_address>0x266c</load_address>
         <run_address>0x266c</run_address>
         <size>0x17a</size>
         <input_file_ref idref="fl-96"/>
      </object_component>
      <object_component id="oc-6b">
         <name>.debug_info</name>
         <load_address>0x27e6</load_address>
         <run_address>0x27e6</run_address>
         <size>0x46</size>
         <input_file_ref idref="fl-84"/>
      </object_component>
      <object_component id="oc-70">
         <name>.debug_info</name>
         <load_address>0x282c</load_address>
         <run_address>0x282c</run_address>
         <size>0xe5</size>
         <input_file_ref idref="fl-84"/>
      </object_component>
      <object_component id="oc-71">
         <name>.debug_info</name>
         <load_address>0x2911</load_address>
         <run_address>0x2911</run_address>
         <size>0x2c</size>
         <input_file_ref idref="fl-85"/>
      </object_component>
      <object_component id="oc-76">
         <name>.debug_info</name>
         <load_address>0x293d</load_address>
         <run_address>0x293d</run_address>
         <size>0x1cd</size>
         <input_file_ref idref="fl-86"/>
      </object_component>
      <object_component id="oc-78">
         <name>.debug_info</name>
         <load_address>0x2b0a</load_address>
         <run_address>0x2b0a</run_address>
         <size>0x94</size>
         <input_file_ref idref="fl-83"/>
      </object_component>
      <object_component id="oc-82">
         <name>.debug_info</name>
         <load_address>0x2b9e</load_address>
         <run_address>0x2b9e</run_address>
         <size>0x18e</size>
         <input_file_ref idref="fl-8e"/>
      </object_component>
      <object_component id="oc-86">
         <name>.debug_info</name>
         <load_address>0x2d2c</load_address>
         <run_address>0x2d2c</run_address>
         <size>0x164</size>
         <input_file_ref idref="fl-8f"/>
      </object_component>
      <object_component id="oc-8a">
         <name>.debug_info</name>
         <load_address>0x2e90</load_address>
         <run_address>0x2e90</run_address>
         <size>0x15f</size>
         <input_file_ref idref="fl-8d"/>
      </object_component>
      <object_component id="oc-8f">
         <name>.debug_info</name>
         <load_address>0x2fef</load_address>
         <run_address>0x2fef</run_address>
         <size>0xefd</size>
         <input_file_ref idref="fl-3"/>
      </object_component>
      <object_component id="oc-95">
         <name>.debug_info</name>
         <load_address>0x3eec</load_address>
         <run_address>0x3eec</run_address>
         <size>0x127</size>
         <input_file_ref idref="fl-87"/>
      </object_component>
      <object_component id="oc-97">
         <name>.debug_info</name>
         <load_address>0x4013</load_address>
         <run_address>0x4013</run_address>
         <size>0x11e</size>
         <input_file_ref idref="fl-87"/>
      </object_component>
      <object_component id="oc-9b">
         <name>.debug_info</name>
         <load_address>0x4131</load_address>
         <run_address>0x4131</run_address>
         <size>0x8d</size>
         <input_file_ref idref="fl-84"/>
      </object_component>
      <object_component id="oc-a2">
         <name>.debug_info</name>
         <load_address>0x41be</load_address>
         <run_address>0x41be</run_address>
         <size>0x110</size>
         <input_file_ref idref="fl-87"/>
      </object_component>
      <object_component id="oc-a7">
         <name>.debug_info</name>
         <load_address>0x42ce</load_address>
         <run_address>0x42ce</run_address>
         <size>0x70</size>
         <input_file_ref idref="fl-89"/>
      </object_component>
      <object_component id="oc-ae">
         <name>.debug_info</name>
         <load_address>0x433e</load_address>
         <run_address>0x433e</run_address>
         <size>0x231</size>
         <input_file_ref idref="fl-96"/>
      </object_component>
      <object_component id="oc-b4">
         <name>.debug_info</name>
         <load_address>0x456f</load_address>
         <run_address>0x456f</run_address>
         <size>0x140</size>
         <input_file_ref idref="fl-8e"/>
      </object_component>
      <object_component id="oc-b6">
         <name>.debug_info</name>
         <load_address>0x46af</load_address>
         <run_address>0x46af</run_address>
         <size>0x253</size>
         <input_file_ref idref="fl-8f"/>
      </object_component>
      <object_component id="oc-b9">
         <name>.debug_info</name>
         <load_address>0x4902</load_address>
         <run_address>0x4902</run_address>
         <size>0x162</size>
         <input_file_ref idref="fl-3"/>
      </object_component>
      <object_component id="oc-bc">
         <name>.debug_info</name>
         <load_address>0x4a64</load_address>
         <run_address>0x4a64</run_address>
         <size>0x13e</size>
         <input_file_ref idref="fl-3"/>
      </object_component>
      <object_component id="oc-be">
         <name>.debug_info</name>
         <load_address>0x4ba2</load_address>
         <run_address>0x4ba2</run_address>
         <size>0x11ac</size>
         <input_file_ref idref="fl-95"/>
      </object_component>
      <object_component id="oc-c3">
         <name>.debug_info</name>
         <load_address>0x5d4e</load_address>
         <run_address>0x5d4e</run_address>
         <size>0x196</size>
         <input_file_ref idref="fl-89"/>
      </object_component>
      <object_component id="oc-c7">
         <name>.debug_info</name>
         <load_address>0x5ee4</load_address>
         <run_address>0x5ee4</run_address>
         <size>0x1afa</size>
         <input_file_ref idref="fl-91"/>
      </object_component>
      <object_component id="oc-cc">
         <name>.debug_info</name>
         <load_address>0x79de</load_address>
         <run_address>0x79de</run_address>
         <size>0x24fd</size>
         <input_file_ref idref="fl-96"/>
      </object_component>
      <object_component id="oc-d1">
         <name>.debug_info</name>
         <load_address>0x9edb</load_address>
         <run_address>0x9edb</run_address>
         <size>0x399</size>
         <input_file_ref idref="fl-92"/>
      </object_component>
      <object_component id="oc-d6">
         <name>.debug_info</name>
         <load_address>0xa274</load_address>
         <run_address>0xa274</run_address>
         <size>0x4ec</size>
         <input_file_ref idref="fl-94"/>
      </object_component>
      <object_component id="oc-db">
         <name>.debug_info</name>
         <load_address>0xa760</load_address>
         <run_address>0xa760</run_address>
         <size>0x1ca</size>
         <input_file_ref idref="fl-3"/>
      </object_component>
      <object_component id="oc-e0">
         <name>.debug_info</name>
         <load_address>0xa92a</load_address>
         <run_address>0xa92a</run_address>
         <size>0x3e2</size>
         <input_file_ref idref="fl-3"/>
      </object_component>
      <object_component id="oc-e1">
         <name>.debug_info</name>
         <load_address>0xad0c</load_address>
         <run_address>0xad0c</run_address>
         <size>0x94</size>
         <input_file_ref idref="fl-3"/>
      </object_component>
      <object_component id="oc-e8">
         <name>.debug_info</name>
         <load_address>0xada0</load_address>
         <run_address>0xada0</run_address>
         <size>0x12b</size>
         <input_file_ref idref="fl-87"/>
      </object_component>
      <object_component id="oc-ec">
         <name>.debug_info</name>
         <load_address>0xaecb</load_address>
         <run_address>0xaecb</run_address>
         <size>0x8d</size>
         <input_file_ref idref="fl-96"/>
      </object_component>
      <object_component id="oc-f1">
         <name>.debug_info</name>
         <load_address>0xaf58</load_address>
         <run_address>0xaf58</run_address>
         <size>0x2c</size>
         <input_file_ref idref="fl-96"/>
      </object_component>
      <object_component id="oc-f8">
         <name>.debug_info</name>
         <load_address>0xaf84</load_address>
         <run_address>0xaf84</run_address>
         <size>0xcd</size>
         <input_file_ref idref="fl-8e"/>
      </object_component>
      <object_component id="oc-102">
         <name>.debug_info</name>
         <load_address>0xb051</load_address>
         <run_address>0xb051</run_address>
         <size>0x147</size>
         <input_file_ref idref="fl-3"/>
      </object_component>
      <object_component id="oc-104">
         <name>.debug_info</name>
         <load_address>0xb198</load_address>
         <run_address>0xb198</run_address>
         <size>0x147</size>
         <input_file_ref idref="fl-3"/>
      </object_component>
      <object_component id="oc-109">
         <name>.debug_info</name>
         <load_address>0xb2df</load_address>
         <run_address>0xb2df</run_address>
         <size>0x8d</size>
         <input_file_ref idref="fl-94"/>
      </object_component>
      <object_component id="oc-10f">
         <name>.debug_info</name>
         <load_address>0xb36c</load_address>
         <run_address>0xb36c</run_address>
         <size>0xc5</size>
         <input_file_ref idref="fl-8a"/>
      </object_component>
      <object_component id="oc-111">
         <name>.debug_info</name>
         <load_address>0xb431</load_address>
         <run_address>0xb431</run_address>
         <size>0xfe</size>
         <input_file_ref idref="fl-89"/>
      </object_component>
      <object_component id="oc-113">
         <name>.debug_info</name>
         <load_address>0xb52f</load_address>
         <run_address>0xb52f</run_address>
         <size>0xf0</size>
         <input_file_ref idref="fl-89"/>
      </object_component>
      <object_component id="oc-117">
         <name>.debug_info</name>
         <load_address>0xb61f</load_address>
         <run_address>0xb61f</run_address>
         <size>0x140</size>
         <input_file_ref idref="fl-89"/>
      </object_component>
      <object_component id="oc-11b">
         <name>.debug_info</name>
         <load_address>0xb75f</load_address>
         <run_address>0xb75f</run_address>
         <size>0x140</size>
         <input_file_ref idref="fl-89"/>
      </object_component>
      <object_component id="oc-120">
         <name>.debug_info</name>
         <load_address>0xb89f</load_address>
         <run_address>0xb89f</run_address>
         <size>0xa2c</size>
         <input_file_ref idref="fl-93"/>
      </object_component>
      <object_component id="oc-125">
         <name>.debug_info</name>
         <load_address>0xc2cb</load_address>
         <run_address>0xc2cb</run_address>
         <size>0x15b</size>
         <input_file_ref idref="fl-91"/>
      </object_component>
      <object_component id="oc-127">
         <name>.debug_info</name>
         <load_address>0xc426</load_address>
         <run_address>0xc426</run_address>
         <size>0x1ca</size>
         <input_file_ref idref="fl-91"/>
      </object_component>
      <object_component id="oc-12c">
         <name>.debug_info</name>
         <load_address>0xc5f0</load_address>
         <run_address>0xc5f0</run_address>
         <size>0x94</size>
         <input_file_ref idref="fl-91"/>
      </object_component>
      <object_component id="oc-131">
         <name>.debug_info</name>
         <load_address>0xc684</load_address>
         <run_address>0xc684</run_address>
         <size>0x270</size>
         <input_file_ref idref="fl-91"/>
      </object_component>
      <object_component id="oc-132">
         <name>.debug_info</name>
         <load_address>0xc8f4</load_address>
         <run_address>0xc8f4</run_address>
         <size>0x2c</size>
         <input_file_ref idref="fl-91"/>
      </object_component>
      <object_component id="oc-139">
         <name>.debug_info</name>
         <load_address>0xc920</load_address>
         <run_address>0xc920</run_address>
         <size>0x13e</size>
         <input_file_ref idref="fl-92"/>
      </object_component>
      <object_component id="oc-13b">
         <name>.debug_info</name>
         <load_address>0xca5e</load_address>
         <run_address>0xca5e</run_address>
         <size>0x24f</size>
         <input_file_ref idref="fl-92"/>
      </object_component>
      <object_component id="oc-13d">
         <name>.debug_info</name>
         <load_address>0xccad</load_address>
         <run_address>0xccad</run_address>
         <size>0x121</size>
         <input_file_ref idref="fl-94"/>
      </object_component>
      <object_component id="oc-140">
         <name>.debug_info</name>
         <load_address>0xcdce</load_address>
         <run_address>0xcdce</run_address>
         <size>0x2c</size>
         <input_file_ref idref="fl-3"/>
      </object_component>
      <object_component id="oc-145">
         <name>.debug_info</name>
         <load_address>0xcdfa</load_address>
         <run_address>0xcdfa</run_address>
         <size>0xc8</size>
         <input_file_ref idref="fl-3"/>
      </object_component>
      <object_component id="oc-151">
         <name>.debug_info</name>
         <load_address>0xcec2</load_address>
         <run_address>0xcec2</run_address>
         <size>0xd9</size>
         <input_file_ref idref="fl-8a"/>
      </object_component>
      <object_component id="oc-156">
         <name>.debug_info</name>
         <load_address>0xcf9b</load_address>
         <run_address>0xcf9b</run_address>
         <size>0x99</size>
         <input_file_ref idref="fl-8a"/>
      </object_component>
      <object_component id="oc-15f">
         <name>.debug_info</name>
         <load_address>0xd034</load_address>
         <run_address>0xd034</run_address>
         <size>0x19c</size>
         <input_file_ref idref="fl-91"/>
      </object_component>
      <object_component id="oc-166">
         <name>.debug_info</name>
         <load_address>0xd1d0</load_address>
         <run_address>0xd1d0</run_address>
         <size>0x7d</size>
         <input_file_ref idref="fl-91"/>
      </object_component>
      <object_component id="oc-1b2">
         <name>.debug_info</name>
         <load_address>0xd24d</load_address>
         <run_address>0xd24d</run_address>
         <size>0x106</size>
      </object_component>
      <object_component id="oc-18">
         <name>.debug_line</name>
         <load_address>0x0</load_address>
         <run_address>0x0</run_address>
         <size>0x3d</size>
         <input_file_ref idref="fl-2"/>
      </object_component>
      <object_component id="oc-1c">
         <name>.debug_line</name>
         <load_address>0x3d</load_address>
         <run_address>0x3d</run_address>
         <size>0x4b</size>
         <input_file_ref idref="fl-84"/>
      </object_component>
      <object_component id="oc-20">
         <name>.debug_line</name>
         <load_address>0x88</load_address>
         <run_address>0x88</run_address>
         <size>0x59</size>
         <input_file_ref idref="fl-86"/>
      </object_component>
      <object_component id="oc-24">
         <name>.debug_line</name>
         <load_address>0xe1</load_address>
         <run_address>0xe1</run_address>
         <size>0x4a</size>
         <input_file_ref idref="fl-85"/>
      </object_component>
      <object_component id="oc-2a">
         <name>.debug_line</name>
         <load_address>0x12b</load_address>
         <run_address>0x12b</run_address>
         <size>0x40</size>
         <input_file_ref idref="fl-83"/>
      </object_component>
      <object_component id="oc-2e">
         <name>.debug_line</name>
         <load_address>0x16b</load_address>
         <run_address>0x16b</run_address>
         <size>0x109</size>
         <input_file_ref idref="fl-97"/>
      </object_component>
      <object_component id="oc-34">
         <name>.debug_line</name>
         <load_address>0x274</load_address>
         <run_address>0x274</run_address>
         <size>0x1f1</size>
         <input_file_ref idref="fl-96"/>
      </object_component>
      <object_component id="oc-3a">
         <name>.debug_line</name>
         <load_address>0x465</load_address>
         <run_address>0x465</run_address>
         <size>0x4d</size>
         <input_file_ref idref="fl-88"/>
      </object_component>
      <object_component id="oc-3e">
         <name>.debug_line</name>
         <load_address>0x4b2</load_address>
         <run_address>0x4b2</run_address>
         <size>0x3a</size>
         <input_file_ref idref="fl-84"/>
      </object_component>
      <object_component id="oc-44">
         <name>.debug_line</name>
         <load_address>0x4ec</load_address>
         <run_address>0x4ec</run_address>
         <size>0x34</size>
         <input_file_ref idref="fl-86"/>
      </object_component>
      <object_component id="oc-4a">
         <name>.debug_line</name>
         <load_address>0x520</load_address>
         <run_address>0x520</run_address>
         <size>0x62</size>
         <input_file_ref idref="fl-85"/>
      </object_component>
      <object_component id="oc-4f">
         <name>.debug_line</name>
         <load_address>0x582</load_address>
         <run_address>0x582</run_address>
         <size>0x39</size>
         <input_file_ref idref="fl-85"/>
      </object_component>
      <object_component id="oc-54">
         <name>.debug_line</name>
         <load_address>0x5bb</load_address>
         <run_address>0x5bb</run_address>
         <size>0x2a</size>
         <input_file_ref idref="fl-83"/>
      </object_component>
      <object_component id="oc-58">
         <name>.debug_line</name>
         <load_address>0x5e5</load_address>
         <run_address>0x5e5</run_address>
         <size>0x50</size>
         <input_file_ref idref="fl-8c"/>
      </object_component>
      <object_component id="oc-5c">
         <name>.debug_line</name>
         <load_address>0x635</load_address>
         <run_address>0x635</run_address>
         <size>0x42</size>
         <input_file_ref idref="fl-8b"/>
      </object_component>
      <object_component id="oc-60">
         <name>.debug_line</name>
         <load_address>0x677</load_address>
         <run_address>0x677</run_address>
         <size>0x3e</size>
         <input_file_ref idref="fl-87"/>
      </object_component>
      <object_component id="oc-65">
         <name>.debug_line</name>
         <load_address>0x6b5</load_address>
         <run_address>0x6b5</run_address>
         <size>0x2c</size>
         <input_file_ref idref="fl-89"/>
      </object_component>
      <object_component id="oc-6c">
         <name>.debug_line</name>
         <load_address>0x6e1</load_address>
         <run_address>0x6e1</run_address>
         <size>0x44</size>
         <input_file_ref idref="fl-84"/>
      </object_component>
      <object_component id="oc-72">
         <name>.debug_line</name>
         <load_address>0x725</load_address>
         <run_address>0x725</run_address>
         <size>0x44</size>
         <input_file_ref idref="fl-85"/>
      </object_component>
      <object_component id="oc-79">
         <name>.debug_line</name>
         <load_address>0x769</load_address>
         <run_address>0x769</run_address>
         <size>0x20</size>
         <input_file_ref idref="fl-83"/>
      </object_component>
      <object_component id="oc-7e">
         <name>.debug_line</name>
         <load_address>0x789</load_address>
         <run_address>0x789</run_address>
         <size>0x20</size>
         <input_file_ref idref="fl-85"/>
      </object_component>
      <object_component id="oc-80">
         <name>.debug_line</name>
         <load_address>0x7a9</load_address>
         <run_address>0x7a9</run_address>
         <size>0x2a</size>
         <input_file_ref idref="fl-83"/>
      </object_component>
      <object_component id="oc-83">
         <name>.debug_line</name>
         <load_address>0x7d3</load_address>
         <run_address>0x7d3</run_address>
         <size>0x47</size>
         <input_file_ref idref="fl-8e"/>
      </object_component>
      <object_component id="oc-87">
         <name>.debug_line</name>
         <load_address>0x81a</load_address>
         <run_address>0x81a</run_address>
         <size>0x49</size>
         <input_file_ref idref="fl-8f"/>
      </object_component>
      <object_component id="oc-8b">
         <name>.debug_line</name>
         <load_address>0x863</load_address>
         <run_address>0x863</run_address>
         <size>0x4a</size>
         <input_file_ref idref="fl-8d"/>
      </object_component>
      <object_component id="oc-90">
         <name>.debug_line</name>
         <load_address>0x8ad</load_address>
         <run_address>0x8ad</run_address>
         <size>0x187</size>
         <input_file_ref idref="fl-3"/>
      </object_component>
      <object_component id="oc-98">
         <name>.debug_line</name>
         <load_address>0xa34</load_address>
         <run_address>0xa34</run_address>
         <size>0x38</size>
         <input_file_ref idref="fl-87"/>
      </object_component>
      <object_component id="oc-9c">
         <name>.debug_line</name>
         <load_address>0xa6c</load_address>
         <run_address>0xa6c</run_address>
         <size>0x20</size>
         <input_file_ref idref="fl-84"/>
      </object_component>
      <object_component id="oc-a1">
         <name>.debug_line</name>
         <load_address>0xa8c</load_address>
         <run_address>0xa8c</run_address>
         <size>0x73</size>
         <input_file_ref idref="fl-89"/>
      </object_component>
      <object_component id="oc-a3">
         <name>.debug_line</name>
         <load_address>0xaff</load_address>
         <run_address>0xaff</run_address>
         <size>0x44</size>
         <input_file_ref idref="fl-87"/>
      </object_component>
      <object_component id="oc-a8">
         <name>.debug_line</name>
         <load_address>0xb43</load_address>
         <run_address>0xb43</run_address>
         <size>0x2c</size>
         <input_file_ref idref="fl-89"/>
      </object_component>
      <object_component id="oc-ad">
         <name>.debug_line</name>
         <load_address>0xb6f</load_address>
         <run_address>0xb6f</run_address>
         <size>0x7d</size>
         <input_file_ref idref="fl-96"/>
      </object_component>
      <object_component id="oc-b0">
         <name>.debug_line</name>
         <load_address>0xbec</load_address>
         <run_address>0xbec</run_address>
         <size>0x20</size>
         <input_file_ref idref="fl-84"/>
      </object_component>
      <object_component id="oc-b2">
         <name>.debug_line</name>
         <load_address>0xc0c</load_address>
         <run_address>0xc0c</run_address>
         <size>0x20</size>
         <input_file_ref idref="fl-86"/>
      </object_component>
      <object_component id="oc-bf">
         <name>.debug_line</name>
         <load_address>0xc2c</load_address>
         <run_address>0xc2c</run_address>
         <size>0x233</size>
         <input_file_ref idref="fl-95"/>
      </object_component>
      <object_component id="oc-c4">
         <name>.debug_line</name>
         <load_address>0xe5f</load_address>
         <run_address>0xe5f</run_address>
         <size>0x4b</size>
         <input_file_ref idref="fl-89"/>
      </object_component>
      <object_component id="oc-c8">
         <name>.debug_line</name>
         <load_address>0xeaa</load_address>
         <run_address>0xeaa</run_address>
         <size>0x345</size>
         <input_file_ref idref="fl-91"/>
      </object_component>
      <object_component id="oc-cd">
         <name>.debug_line</name>
         <load_address>0x11ef</load_address>
         <run_address>0x11ef</run_address>
         <size>0x34e</size>
         <input_file_ref idref="fl-96"/>
      </object_component>
      <object_component id="oc-d2">
         <name>.debug_line</name>
         <load_address>0x153d</load_address>
         <run_address>0x153d</run_address>
         <size>0xba</size>
         <input_file_ref idref="fl-92"/>
      </object_component>
      <object_component id="oc-d7">
         <name>.debug_line</name>
         <load_address>0x15f7</load_address>
         <run_address>0x15f7</run_address>
         <size>0xbc</size>
         <input_file_ref idref="fl-94"/>
      </object_component>
      <object_component id="oc-dc">
         <name>.debug_line</name>
         <load_address>0x16b3</load_address>
         <run_address>0x16b3</run_address>
         <size>0x4e</size>
         <input_file_ref idref="fl-3"/>
      </object_component>
      <object_component id="oc-e2">
         <name>.debug_line</name>
         <load_address>0x1701</load_address>
         <run_address>0x1701</run_address>
         <size>0x20</size>
         <input_file_ref idref="fl-3"/>
      </object_component>
      <object_component id="oc-e7">
         <name>.debug_line</name>
         <load_address>0x1721</load_address>
         <run_address>0x1721</run_address>
         <size>0x2a</size>
         <input_file_ref idref="fl-87"/>
      </object_component>
      <object_component id="oc-eb">
         <name>.debug_line</name>
         <load_address>0x174b</load_address>
         <run_address>0x174b</run_address>
         <size>0xc4</size>
         <input_file_ref idref="fl-96"/>
      </object_component>
      <object_component id="oc-ed">
         <name>.debug_line</name>
         <load_address>0x180f</load_address>
         <run_address>0x180f</run_address>
         <size>0x20</size>
         <input_file_ref idref="fl-96"/>
      </object_component>
      <object_component id="oc-f2">
         <name>.debug_line</name>
         <load_address>0x182f</load_address>
         <run_address>0x182f</run_address>
         <size>0x58</size>
         <input_file_ref idref="fl-96"/>
      </object_component>
      <object_component id="oc-f7">
         <name>.debug_line</name>
         <load_address>0x1887</load_address>
         <run_address>0x1887</run_address>
         <size>0x51</size>
         <input_file_ref idref="fl-8e"/>
      </object_component>
      <object_component id="oc-f9">
         <name>.debug_line</name>
         <load_address>0x18d8</load_address>
         <run_address>0x18d8</run_address>
         <size>0x45</size>
         <input_file_ref idref="fl-8e"/>
      </object_component>
      <object_component id="oc-fe">
         <name>.debug_line</name>
         <load_address>0x191d</load_address>
         <run_address>0x191d</run_address>
         <size>0x29</size>
         <input_file_ref idref="fl-8f"/>
      </object_component>
      <object_component id="oc-100">
         <name>.debug_line</name>
         <load_address>0x1946</load_address>
         <run_address>0x1946</run_address>
         <size>0x77</size>
         <input_file_ref idref="fl-3"/>
      </object_component>
      <object_component id="oc-106">
         <name>.debug_line</name>
         <load_address>0x19bd</load_address>
         <run_address>0x19bd</run_address>
         <size>0x77</size>
         <input_file_ref idref="fl-3"/>
      </object_component>
      <object_component id="oc-10a">
         <name>.debug_line</name>
         <load_address>0x1a34</load_address>
         <run_address>0x1a34</run_address>
         <size>0x20</size>
         <input_file_ref idref="fl-94"/>
      </object_component>
      <object_component id="oc-114">
         <name>.debug_line</name>
         <load_address>0x1a54</load_address>
         <run_address>0x1a54</run_address>
         <size>0x41</size>
         <input_file_ref idref="fl-89"/>
      </object_component>
      <object_component id="oc-118">
         <name>.debug_line</name>
         <load_address>0x1a95</load_address>
         <run_address>0x1a95</run_address>
         <size>0x49</size>
         <input_file_ref idref="fl-89"/>
      </object_component>
      <object_component id="oc-11c">
         <name>.debug_line</name>
         <load_address>0x1ade</load_address>
         <run_address>0x1ade</run_address>
         <size>0x4b</size>
         <input_file_ref idref="fl-89"/>
      </object_component>
      <object_component id="oc-121">
         <name>.debug_line</name>
         <load_address>0x1b29</load_address>
         <run_address>0x1b29</run_address>
         <size>0x153</size>
         <input_file_ref idref="fl-93"/>
      </object_component>
      <object_component id="oc-128">
         <name>.debug_line</name>
         <load_address>0x1c7c</load_address>
         <run_address>0x1c7c</run_address>
         <size>0x4b</size>
         <input_file_ref idref="fl-91"/>
      </object_component>
      <object_component id="oc-12d">
         <name>.debug_line</name>
         <load_address>0x1cc7</load_address>
         <run_address>0x1cc7</run_address>
         <size>0x20</size>
         <input_file_ref idref="fl-91"/>
      </object_component>
      <object_component id="oc-133">
         <name>.debug_line</name>
         <load_address>0x1ce7</load_address>
         <run_address>0x1ce7</run_address>
         <size>0x4e</size>
         <input_file_ref idref="fl-91"/>
      </object_component>
      <object_component id="oc-13f">
         <name>.debug_line</name>
         <load_address>0x1d35</load_address>
         <run_address>0x1d35</run_address>
         <size>0x142</size>
         <input_file_ref idref="fl-3"/>
      </object_component>
      <object_component id="oc-141">
         <name>.debug_line</name>
         <load_address>0x1e77</load_address>
         <run_address>0x1e77</run_address>
         <size>0x51</size>
         <input_file_ref idref="fl-3"/>
      </object_component>
      <object_component id="oc-146">
         <name>.debug_line</name>
         <load_address>0x1ec8</load_address>
         <run_address>0x1ec8</run_address>
         <size>0x5a</size>
         <input_file_ref idref="fl-3"/>
      </object_component>
      <object_component id="oc-14b">
         <name>.debug_line</name>
         <load_address>0x1f22</load_address>
         <run_address>0x1f22</run_address>
         <size>0x43</size>
         <input_file_ref idref="fl-87"/>
      </object_component>
      <object_component id="oc-14d">
         <name>.debug_line</name>
         <load_address>0x1f65</load_address>
         <run_address>0x1f65</run_address>
         <size>0x7c</size>
         <input_file_ref idref="fl-3"/>
      </object_component>
      <object_component id="oc-14f">
         <name>.debug_line</name>
         <load_address>0x1fe1</load_address>
         <run_address>0x1fe1</run_address>
         <size>0x7c</size>
         <input_file_ref idref="fl-3"/>
      </object_component>
      <object_component id="oc-152">
         <name>.debug_line</name>
         <load_address>0x205d</load_address>
         <run_address>0x205d</run_address>
         <size>0x38</size>
         <input_file_ref idref="fl-8a"/>
      </object_component>
      <object_component id="oc-155">
         <name>.debug_line</name>
         <load_address>0x2095</load_address>
         <run_address>0x2095</run_address>
         <size>0x2b</size>
         <input_file_ref idref="fl-8a"/>
      </object_component>
      <object_component id="oc-158">
         <name>.debug_line</name>
         <load_address>0x20c0</load_address>
         <run_address>0x20c0</run_address>
         <size>0x2c</size>
         <input_file_ref idref="fl-89"/>
      </object_component>
      <object_component id="oc-15e">
         <name>.debug_line</name>
         <load_address>0x20ec</load_address>
         <run_address>0x20ec</run_address>
         <size>0x72</size>
         <input_file_ref idref="fl-91"/>
      </object_component>
      <object_component id="oc-160">
         <name>.debug_line</name>
         <load_address>0x215e</load_address>
         <run_address>0x215e</run_address>
         <size>0x51</size>
         <input_file_ref idref="fl-91"/>
      </object_component>
      <object_component id="oc-165">
         <name>.debug_line</name>
         <load_address>0x21af</load_address>
         <run_address>0x21af</run_address>
         <size>0x72</size>
         <input_file_ref idref="fl-91"/>
      </object_component>
      <object_component id="oc-167">
         <name>.debug_line</name>
         <load_address>0x2221</load_address>
         <run_address>0x2221</run_address>
         <size>0x4e</size>
         <input_file_ref idref="fl-91"/>
      </object_component>
      <object_component id="oc-16c">
         <name>.debug_line</name>
         <load_address>0x226f</load_address>
         <run_address>0x226f</run_address>
         <size>0x6f</size>
         <input_file_ref idref="fl-92"/>
      </object_component>
      <object_component id="oc-16e">
         <name>.debug_line</name>
         <load_address>0x22de</load_address>
         <run_address>0x22de</run_address>
         <size>0x6f</size>
         <input_file_ref idref="fl-92"/>
      </object_component>
      <object_component id="oc-170">
         <name>.debug_line</name>
         <load_address>0x234d</load_address>
         <run_address>0x234d</run_address>
         <size>0x20</size>
         <input_file_ref idref="fl-94"/>
      </object_component>
      <object_component id="oc-173">
         <name>.debug_line</name>
         <load_address>0x236d</load_address>
         <run_address>0x236d</run_address>
         <size>0x20</size>
         <input_file_ref idref="fl-8a"/>
      </object_component>
      <object_component id="oc-19">
         <name>.debug_aranges</name>
         <load_address>0x0</load_address>
         <run_address>0x0</run_address>
         <size>0x20</size>
         <input_file_ref idref="fl-2"/>
      </object_component>
      <object_component id="oc-1d">
         <name>.debug_aranges</name>
         <load_address>0x20</load_address>
         <run_address>0x20</run_address>
         <size>0x20</size>
         <input_file_ref idref="fl-84"/>
      </object_component>
      <object_component id="oc-21">
         <name>.debug_aranges</name>
         <load_address>0x40</load_address>
         <run_address>0x40</run_address>
         <size>0x20</size>
         <input_file_ref idref="fl-86"/>
      </object_component>
      <object_component id="oc-25">
         <name>.debug_aranges</name>
         <load_address>0x60</load_address>
         <run_address>0x60</run_address>
         <size>0x20</size>
         <input_file_ref idref="fl-85"/>
      </object_component>
      <object_component id="oc-2b">
         <name>.debug_aranges</name>
         <load_address>0x80</load_address>
         <run_address>0x80</run_address>
         <size>0x20</size>
         <input_file_ref idref="fl-83"/>
      </object_component>
      <object_component id="oc-2f">
         <name>.debug_aranges</name>
         <load_address>0xa0</load_address>
         <run_address>0xa0</run_address>
         <size>0x20</size>
         <input_file_ref idref="fl-97"/>
      </object_component>
      <object_component id="oc-36">
         <name>.debug_aranges</name>
         <load_address>0xc0</load_address>
         <run_address>0xc0</run_address>
         <size>0x90</size>
         <input_file_ref idref="fl-96"/>
      </object_component>
      <object_component id="oc-3b">
         <name>.debug_aranges</name>
         <load_address>0x150</load_address>
         <run_address>0x150</run_address>
         <size>0x20</size>
         <input_file_ref idref="fl-88"/>
      </object_component>
      <object_component id="oc-4b">
         <name>.debug_aranges</name>
         <load_address>0x170</load_address>
         <run_address>0x170</run_address>
         <size>0x20</size>
         <input_file_ref idref="fl-85"/>
      </object_component>
      <object_component id="oc-59">
         <name>.debug_aranges</name>
         <load_address>0x190</load_address>
         <run_address>0x190</run_address>
         <size>0x20</size>
         <input_file_ref idref="fl-8c"/>
      </object_component>
      <object_component id="oc-5d">
         <name>.debug_aranges</name>
         <load_address>0x1b0</load_address>
         <run_address>0x1b0</run_address>
         <size>0x20</size>
         <input_file_ref idref="fl-8b"/>
      </object_component>
      <object_component id="oc-61">
         <name>.debug_aranges</name>
         <load_address>0x1d0</load_address>
         <run_address>0x1d0</run_address>
         <size>0x20</size>
         <input_file_ref idref="fl-87"/>
      </object_component>
      <object_component id="oc-84">
         <name>.debug_aranges</name>
         <load_address>0x1f0</load_address>
         <run_address>0x1f0</run_address>
         <size>0x20</size>
         <input_file_ref idref="fl-8e"/>
      </object_component>
      <object_component id="oc-88">
         <name>.debug_aranges</name>
         <load_address>0x210</load_address>
         <run_address>0x210</run_address>
         <size>0x20</size>
         <input_file_ref idref="fl-8f"/>
      </object_component>
      <object_component id="oc-8c">
         <name>.debug_aranges</name>
         <load_address>0x230</load_address>
         <run_address>0x230</run_address>
         <size>0x20</size>
         <input_file_ref idref="fl-8d"/>
      </object_component>
      <object_component id="oc-92">
         <name>.debug_aranges</name>
         <load_address>0x250</load_address>
         <run_address>0x250</run_address>
         <size>0x60</size>
         <input_file_ref idref="fl-3"/>
      </object_component>
      <object_component id="oc-99">
         <name>.debug_aranges</name>
         <load_address>0x2b0</load_address>
         <run_address>0x2b0</run_address>
         <size>0x20</size>
         <input_file_ref idref="fl-87"/>
      </object_component>
      <object_component id="oc-c1">
         <name>.debug_aranges</name>
         <load_address>0x2d0</load_address>
         <run_address>0x2d0</run_address>
         <size>0x70</size>
         <input_file_ref idref="fl-95"/>
      </object_component>
      <object_component id="oc-c5">
         <name>.debug_aranges</name>
         <load_address>0x340</load_address>
         <run_address>0x340</run_address>
         <size>0x20</size>
         <input_file_ref idref="fl-89"/>
      </object_component>
      <object_component id="oc-ca">
         <name>.debug_aranges</name>
         <load_address>0x360</load_address>
         <run_address>0x360</run_address>
         <size>0x98</size>
         <input_file_ref idref="fl-91"/>
      </object_component>
      <object_component id="oc-cf">
         <name>.debug_aranges</name>
         <load_address>0x3f8</load_address>
         <run_address>0x3f8</run_address>
         <size>0xe0</size>
         <input_file_ref idref="fl-96"/>
      </object_component>
      <object_component id="oc-d4">
         <name>.debug_aranges</name>
         <load_address>0x4d8</load_address>
         <run_address>0x4d8</run_address>
         <size>0x28</size>
         <input_file_ref idref="fl-92"/>
      </object_component>
      <object_component id="oc-d9">
         <name>.debug_aranges</name>
         <load_address>0x500</load_address>
         <run_address>0x500</run_address>
         <size>0x20</size>
         <input_file_ref idref="fl-94"/>
      </object_component>
      <object_component id="oc-115">
         <name>.debug_aranges</name>
         <load_address>0x520</load_address>
         <run_address>0x520</run_address>
         <size>0x20</size>
         <input_file_ref idref="fl-89"/>
      </object_component>
      <object_component id="oc-119">
         <name>.debug_aranges</name>
         <load_address>0x540</load_address>
         <run_address>0x540</run_address>
         <size>0x20</size>
         <input_file_ref idref="fl-89"/>
      </object_component>
      <object_component id="oc-11d">
         <name>.debug_aranges</name>
         <load_address>0x560</load_address>
         <run_address>0x560</run_address>
         <size>0x20</size>
         <input_file_ref idref="fl-89"/>
      </object_component>
      <object_component id="oc-123">
         <name>.debug_aranges</name>
         <load_address>0x580</load_address>
         <run_address>0x580</run_address>
         <size>0x58</size>
         <input_file_ref idref="fl-93"/>
      </object_component>
      <object_component id="oc-153">
         <name>.debug_aranges</name>
         <load_address>0x5d8</load_address>
         <run_address>0x5d8</run_address>
         <size>0x20</size>
         <input_file_ref idref="fl-8a"/>
      </object_component>
      <object_component id="oc-35">
         <name>.debug_frame</name>
         <load_address>0x0</load_address>
         <run_address>0x0</run_address>
         <size>0x1385</size>
         <input_file_ref idref="fl-96"/>
      </object_component>
      <object_component id="oc-91">
         <name>.debug_frame</name>
         <load_address>0x1385</load_address>
         <run_address>0x1385</run_address>
         <size>0x1e3</size>
         <input_file_ref idref="fl-3"/>
      </object_component>
      <object_component id="oc-c0">
         <name>.debug_frame</name>
         <load_address>0x1568</load_address>
         <run_address>0x1568</run_address>
         <size>0x211</size>
         <input_file_ref idref="fl-95"/>
      </object_component>
      <object_component id="oc-c9">
         <name>.debug_frame</name>
         <load_address>0x1779</load_address>
         <run_address>0x1779</run_address>
         <size>0x2a8</size>
         <input_file_ref idref="fl-91"/>
      </object_component>
      <object_component id="oc-ce">
         <name>.debug_frame</name>
         <load_address>0x1a21</load_address>
         <run_address>0x1a21</run_address>
         <size>0x376</size>
         <input_file_ref idref="fl-96"/>
      </object_component>
      <object_component id="oc-d3">
         <name>.debug_frame</name>
         <load_address>0x1d97</load_address>
         <run_address>0x1d97</run_address>
         <size>0x145</size>
         <input_file_ref idref="fl-92"/>
      </object_component>
      <object_component id="oc-d8">
         <name>.debug_frame</name>
         <load_address>0x1edc</load_address>
         <run_address>0x1edc</run_address>
         <size>0x128</size>
         <input_file_ref idref="fl-94"/>
      </object_component>
      <object_component id="oc-122">
         <name>.debug_frame</name>
         <load_address>0x2004</load_address>
         <run_address>0x2004</run_address>
         <size>0x1cd</size>
         <input_file_ref idref="fl-93"/>
      </object_component>
      <object_component id="oc-37">
         <name>.debug_abbrev</name>
         <load_address>0x0</load_address>
         <run_address>0x0</run_address>
         <size>0x24</size>
         <input_file_ref idref="fl-2"/>
      </object_component>
      <object_component id="oc-3c">
         <name>.debug_abbrev</name>
         <load_address>0x24</load_address>
         <run_address>0x24</run_address>
         <size>0x69</size>
         <input_file_ref idref="fl-84"/>
      </object_component>
      <object_component id="oc-3f">
         <name>.debug_abbrev</name>
         <load_address>0x8d</load_address>
         <run_address>0x8d</run_address>
         <size>0x24</size>
         <input_file_ref idref="fl-84"/>
      </object_component>
      <object_component id="oc-42">
         <name>.debug_abbrev</name>
         <load_address>0xb1</load_address>
         <run_address>0xb1</run_address>
         <size>0x85</size>
         <input_file_ref idref="fl-86"/>
      </object_component>
      <object_component id="oc-45">
         <name>.debug_abbrev</name>
         <load_address>0x136</load_address>
         <run_address>0x136</run_address>
         <size>0x24</size>
         <input_file_ref idref="fl-86"/>
      </object_component>
      <object_component id="oc-4c">
         <name>.debug_abbrev</name>
         <load_address>0x15a</load_address>
         <run_address>0x15a</run_address>
         <size>0x74</size>
         <input_file_ref idref="fl-85"/>
      </object_component>
      <object_component id="oc-50">
         <name>.debug_abbrev</name>
         <load_address>0x1ce</load_address>
         <run_address>0x1ce</run_address>
         <size>0x24</size>
         <input_file_ref idref="fl-85"/>
      </object_component>
      <object_component id="oc-53">
         <name>.debug_abbrev</name>
         <load_address>0x1f2</load_address>
         <run_address>0x1f2</run_address>
         <size>0x29</size>
         <input_file_ref idref="fl-83"/>
      </object_component>
      <object_component id="oc-62">
         <name>.debug_abbrev</name>
         <load_address>0x21b</load_address>
         <run_address>0x21b</run_address>
         <size>0x69</size>
         <input_file_ref idref="fl-83"/>
      </object_component>
      <object_component id="oc-63">
         <name>.debug_abbrev</name>
         <load_address>0x284</load_address>
         <run_address>0x284</run_address>
         <size>0x24</size>
         <input_file_ref idref="fl-97"/>
      </object_component>
      <object_component id="oc-64">
         <name>.debug_abbrev</name>
         <load_address>0x2a8</load_address>
         <run_address>0x2a8</run_address>
         <size>0x29</size>
         <input_file_ref idref="fl-89"/>
      </object_component>
      <object_component id="oc-69">
         <name>.debug_abbrev</name>
         <load_address>0x2d1</load_address>
         <run_address>0x2d1</run_address>
         <size>0x62</size>
         <input_file_ref idref="fl-96"/>
      </object_component>
      <object_component id="oc-6a">
         <name>.debug_abbrev</name>
         <load_address>0x333</load_address>
         <run_address>0x333</run_address>
         <size>0x40</size>
         <input_file_ref idref="fl-88"/>
      </object_component>
      <object_component id="oc-6d">
         <name>.debug_abbrev</name>
         <load_address>0x373</load_address>
         <run_address>0x373</run_address>
         <size>0x24</size>
         <input_file_ref idref="fl-84"/>
      </object_component>
      <object_component id="oc-73">
         <name>.debug_abbrev</name>
         <load_address>0x397</load_address>
         <run_address>0x397</run_address>
         <size>0x24</size>
         <input_file_ref idref="fl-85"/>
      </object_component>
      <object_component id="oc-77">
         <name>.debug_abbrev</name>
         <load_address>0x3bb</load_address>
         <run_address>0x3bb</run_address>
         <size>0x97</size>
         <input_file_ref idref="fl-85"/>
      </object_component>
      <object_component id="oc-7a">
         <name>.debug_abbrev</name>
         <load_address>0x452</load_address>
         <run_address>0x452</run_address>
         <size>0x32</size>
         <input_file_ref idref="fl-83"/>
      </object_component>
      <object_component id="oc-7d">
         <name>.debug_abbrev</name>
         <load_address>0x484</load_address>
         <run_address>0x484</run_address>
         <size>0x5e</size>
         <input_file_ref idref="fl-85"/>
      </object_component>
      <object_component id="oc-7f">
         <name>.debug_abbrev</name>
         <load_address>0x4e2</load_address>
         <run_address>0x4e2</run_address>
         <size>0x77</size>
         <input_file_ref idref="fl-83"/>
      </object_component>
      <object_component id="oc-8d">
         <name>.debug_abbrev</name>
         <load_address>0x559</load_address>
         <run_address>0x559</run_address>
         <size>0x94</size>
         <input_file_ref idref="fl-8c"/>
      </object_component>
      <object_component id="oc-93">
         <name>.debug_abbrev</name>
         <load_address>0x5ed</load_address>
         <run_address>0x5ed</run_address>
         <size>0x5d</size>
         <input_file_ref idref="fl-8b"/>
      </object_component>
      <object_component id="oc-9a">
         <name>.debug_abbrev</name>
         <load_address>0x64a</load_address>
         <run_address>0x64a</run_address>
         <size>0x83</size>
         <input_file_ref idref="fl-87"/>
      </object_component>
      <object_component id="oc-9d">
         <name>.debug_abbrev</name>
         <load_address>0x6cd</load_address>
         <run_address>0x6cd</run_address>
         <size>0x32</size>
         <input_file_ref idref="fl-84"/>
      </object_component>
      <object_component id="oc-a0">
         <name>.debug_abbrev</name>
         <load_address>0x6ff</load_address>
         <run_address>0x6ff</run_address>
         <size>0xa4</size>
         <input_file_ref idref="fl-89"/>
      </object_component>
      <object_component id="oc-a4">
         <name>.debug_abbrev</name>
         <load_address>0x7a3</load_address>
         <run_address>0x7a3</run_address>
         <size>0x5a</size>
         <input_file_ref idref="fl-87"/>
      </object_component>
      <object_component id="oc-a9">
         <name>.debug_abbrev</name>
         <load_address>0x7fd</load_address>
         <run_address>0x7fd</run_address>
         <size>0x5c</size>
         <input_file_ref idref="fl-89"/>
      </object_component>
      <object_component id="oc-ac">
         <name>.debug_abbrev</name>
         <load_address>0x859</load_address>
         <run_address>0x859</run_address>
         <size>0x27</size>
         <input_file_ref idref="fl-96"/>
      </object_component>
      <object_component id="oc-af">
         <name>.debug_abbrev</name>
         <load_address>0x880</load_address>
         <run_address>0x880</run_address>
         <size>0x4c</size>
         <input_file_ref idref="fl-84"/>
      </object_component>
      <object_component id="oc-b1">
         <name>.debug_abbrev</name>
         <load_address>0x8cc</load_address>
         <run_address>0x8cc</run_address>
         <size>0x5e</size>
         <input_file_ref idref="fl-86"/>
      </object_component>
      <object_component id="oc-b3">
         <name>.debug_abbrev</name>
         <load_address>0x92a</load_address>
         <run_address>0x92a</run_address>
         <size>0xa2</size>
         <input_file_ref idref="fl-8e"/>
      </object_component>
      <object_component id="oc-b5">
         <name>.debug_abbrev</name>
         <load_address>0x9cc</load_address>
         <run_address>0x9cc</run_address>
         <size>0x94</size>
         <input_file_ref idref="fl-8f"/>
      </object_component>
      <object_component id="oc-b7">
         <name>.debug_abbrev</name>
         <load_address>0xa60</load_address>
         <run_address>0xa60</run_address>
         <size>0x86</size>
         <input_file_ref idref="fl-8d"/>
      </object_component>
      <object_component id="oc-da">
         <name>.debug_abbrev</name>
         <load_address>0xae6</load_address>
         <run_address>0xae6</run_address>
         <size>0x99</size>
         <input_file_ref idref="fl-3"/>
      </object_component>
      <object_component id="oc-dd">
         <name>.debug_abbrev</name>
         <load_address>0xb7f</load_address>
         <run_address>0xb7f</run_address>
         <size>0x81</size>
         <input_file_ref idref="fl-3"/>
      </object_component>
      <object_component id="oc-e3">
         <name>.debug_abbrev</name>
         <load_address>0xc00</load_address>
         <run_address>0xc00</run_address>
         <size>0x32</size>
         <input_file_ref idref="fl-3"/>
      </object_component>
      <object_component id="oc-e6">
         <name>.debug_abbrev</name>
         <load_address>0xc32</load_address>
         <run_address>0xc32</run_address>
         <size>0x29</size>
         <input_file_ref idref="fl-87"/>
      </object_component>
      <object_component id="oc-e9">
         <name>.debug_abbrev</name>
         <load_address>0xc5b</load_address>
         <run_address>0xc5b</run_address>
         <size>0x6b</size>
         <input_file_ref idref="fl-87"/>
      </object_component>
      <object_component id="oc-ea">
         <name>.debug_abbrev</name>
         <load_address>0xcc6</load_address>
         <run_address>0xcc6</run_address>
         <size>0x97</size>
         <input_file_ref idref="fl-96"/>
      </object_component>
      <object_component id="oc-ee">
         <name>.debug_abbrev</name>
         <load_address>0xd5d</load_address>
         <run_address>0xd5d</run_address>
         <size>0x32</size>
         <input_file_ref idref="fl-96"/>
      </object_component>
      <object_component id="oc-f3">
         <name>.debug_abbrev</name>
         <load_address>0xd8f</load_address>
         <run_address>0xd8f</run_address>
         <size>0x24</size>
         <input_file_ref idref="fl-96"/>
      </object_component>
      <object_component id="oc-f6">
         <name>.debug_abbrev</name>
         <load_address>0xdb3</load_address>
         <run_address>0xdb3</run_address>
         <size>0x85</size>
         <input_file_ref idref="fl-8e"/>
      </object_component>
      <object_component id="oc-fa">
         <name>.debug_abbrev</name>
         <load_address>0xe38</load_address>
         <run_address>0xe38</run_address>
         <size>0x4b</size>
         <input_file_ref idref="fl-8e"/>
      </object_component>
      <object_component id="oc-fd">
         <name>.debug_abbrev</name>
         <load_address>0xe83</load_address>
         <run_address>0xe83</run_address>
         <size>0x9a</size>
         <input_file_ref idref="fl-8f"/>
      </object_component>
      <object_component id="oc-ff">
         <name>.debug_abbrev</name>
         <load_address>0xf1d</load_address>
         <run_address>0xf1d</run_address>
         <size>0x29</size>
         <input_file_ref idref="fl-3"/>
      </object_component>
      <object_component id="oc-105">
         <name>.debug_abbrev</name>
         <load_address>0xf46</load_address>
         <run_address>0xf46</run_address>
         <size>0x27</size>
         <input_file_ref idref="fl-3"/>
      </object_component>
      <object_component id="oc-108">
         <name>.debug_abbrev</name>
         <load_address>0xf6d</load_address>
         <run_address>0xf6d</run_address>
         <size>0xf7</size>
         <input_file_ref idref="fl-95"/>
      </object_component>
      <object_component id="oc-10b">
         <name>.debug_abbrev</name>
         <load_address>0x1064</load_address>
         <run_address>0x1064</run_address>
         <size>0x32</size>
         <input_file_ref idref="fl-94"/>
      </object_component>
      <object_component id="oc-11e">
         <name>.debug_abbrev</name>
         <load_address>0x1096</load_address>
         <run_address>0x1096</run_address>
         <size>0xa4</size>
         <input_file_ref idref="fl-89"/>
      </object_component>
      <object_component id="oc-126">
         <name>.debug_abbrev</name>
         <load_address>0x113a</load_address>
         <run_address>0x113a</run_address>
         <size>0x147</size>
         <input_file_ref idref="fl-91"/>
      </object_component>
      <object_component id="oc-129">
         <name>.debug_abbrev</name>
         <load_address>0x1281</load_address>
         <run_address>0x1281</run_address>
         <size>0x81</size>
         <input_file_ref idref="fl-91"/>
      </object_component>
      <object_component id="oc-12e">
         <name>.debug_abbrev</name>
         <load_address>0x1302</load_address>
         <run_address>0x1302</run_address>
         <size>0x32</size>
         <input_file_ref idref="fl-91"/>
      </object_component>
      <object_component id="oc-134">
         <name>.debug_abbrev</name>
         <load_address>0x1334</load_address>
         <run_address>0x1334</run_address>
         <size>0x24</size>
         <input_file_ref idref="fl-91"/>
      </object_component>
      <object_component id="oc-137">
         <name>.debug_abbrev</name>
         <load_address>0x1358</load_address>
         <run_address>0x1358</run_address>
         <size>0x143</size>
         <input_file_ref idref="fl-96"/>
      </object_component>
      <object_component id="oc-13a">
         <name>.debug_abbrev</name>
         <load_address>0x149b</load_address>
         <run_address>0x149b</run_address>
         <size>0x7c</size>
         <input_file_ref idref="fl-92"/>
      </object_component>
[...]
         <value>0xc400695c</value>
      </symbol>
      <symbol id="sm-2">
         <name>__TI_CINIT_Limit</name>
         <value>0xc4006984</value>
      </symbol>
      <symbol id="sm-3">
         <name>__TI_Handler_Table_Base</name>
         <value>0xc4006930</value>
      </symbol>
      <symbol id="sm-4">
         <name>__TI_Handler_Table_Limit</name>
         <value>0xc400693c</value>
      </symbol>
      <symbol id="sm-5">
         <name>binit</name>
         <value>0xffffffff</value>
      </symbol>
      <symbol id="sm-6">
         <name>__binit__</name>
         <value>0xffffffff</value>
      </symbol>
      <symbol id="sm-7">
         <name>__TI_STACK_SIZE</name>
         <value>0x1000</value>
      </symbol>
      <symbol id="sm-8">
         <name>__TI_STACK_END</name>
         <value>0xc4005540</value>
      </symbol>
      <symbol id="sm-9">
         <name>__TI_SYSMEM_SIZE</name>
         <value>0x1000</value>
      </symbol>
      <symbol id="sm-a">
         <name>__c_args__</name>
         <value>0xffffffff</value>
      </symbol>
      <symbol id="sm-b">
         <name>__TI_pprof_out_hndl</name>
         <value>0xffffffff</value>
      </symbol>
      <symbol id="sm-c">
         <name>__TI_prof_data_start</name>
         <value>0xffffffff</value>
      </symbol>
      <symbol id="sm-d">
         <name>__TI_prof_data_size</name>
         <value>0xffffffff</value>
      </symbol>
      <symbol id="sm-2e">
         <name>_my_boot</name>
         <value>0x11800000</value>
         <object_component_ref idref="oc-16"/>
      </symbol>
      <symbol id="sm-8d">
         <name>evtRcvd</name>
         <value>0xc4006908</value>
         <object_component_ref idref="oc-b8"/>
      </symbol>
      <symbol id="sm-8e">
         <name>ipcPvMemDsp</name>
         <value>0x80000010</value>
         <object_component_ref idref="oc-101"/>
      </symbol>
      <symbol id="sm-8f">
         <name>iAssert</name>
         <value>0xc40033c8</value>
         <object_component_ref idref="oc-8e"/>
      </symbol>
      <symbol id="sm-90">
         <name>myPayload</name>
         <value>0xc400690c</value>
         <object_component_ref idref="oc-b8"/>
      </symbol>
      <symbol id="sm-91">
         <name>cbFxnEvent</name>
         <value>0xc4003200</value>
         <object_component_ref idref="oc-8e"/>
      </symbol>
      <symbol id="sm-92">
         <name>PSCInit</name>
         <value>0xc400340c</value>
         <object_component_ref idref="oc-8e"/>
      </symbol>
      <symbol id="sm-93">
         <name>ipcPvMemArm</name>
         <value>0x80000000</value>
         <object_component_ref idref="oc-103"/>
      </symbol>
      <symbol id="sm-94">
         <name>main</name>
         <value>0xc4003234</value>
         <object_component_ref idref="oc-8e"/>
      </symbol>
      <symbol id="sm-95">
         <name>Delay</name>
         <value>0xc4003474</value>
         <object_component_ref idref="oc-8e"/>
      </symbol>
      <symbol id="sm-96">
         <name>IPCInit</name>
         <value>0xc4003354</value>
         <object_component_ref idref="oc-8e"/>
      </symbol>
      <symbol id="sm-97">
         <name>wait_event</name>
         <value>0xc40033e4</value>
         <object_component_ref idref="oc-8e"/>
      </symbol>
      <symbol id="sm-98">
         <name>GPIOBankPinMuxSet</name>
         <value>0xc4003428</value>
         <object_component_ref idref="oc-8e"/>
      </symbol>
      <symbol id="sm-99">
         <name>GPIOBankPinInit</name>
         <value>0xc4003444</value>
         <object_component_ref idref="oc-8e"/>
      </symbol>
      <symbol id="sm-af">
         <name>_c_int00</name>
         <value>0xc4006c00</value>
         <object_component_ref idref="oc-28"/>
      </symbol>
      <symbol id="sm-b0">
         <name>_stack</name>
         <value>0xc4004540</value>
         <object_component_ref idref="oc-26"/>
      </symbol>
      <symbol id="sm-ca">
         <name>__TI_decompress_none</name>
         <value>0xc4004500</value>
         <object_component_ref idref="oc-1a"/>
      </symbol>
      <symbol id="sm-eb">
         <name>__TI_decompress_rle24</name>
         <value>0xc4004520</value>
         <object_component_ref idref="oc-22"/>
      </symbol>
      <symbol id="sm-fb">
         <name>__TI_zero_init</name>
         <value>0xc4003fa0</value>
         <object_component_ref idref="oc-1e"/>
      </symbol>
      <symbol id="sm-11a">
         <name>C$$EXIT</name>
         <value>0xc40044e0</value>
         <object_component_ref idref="oc-96"/>
      </symbol>
      <symbol id="sm-11b">
         <name>_dtors_ptr</name>
         <value>0xc40068dc</value>
         <object_component_ref idref="oc-94"/>
      </symbol>
      <symbol id="sm-11c">
         <name>abort</name>
         <value>0xc40044e0</value>
         <object_component_ref idref="oc-96"/>
      </symbol>
      <symbol id="sm-11d">
         <name>_cleanup_ptr</name>
         <value>0xc40068d8</value>
         <object_component_ref idref="oc-94"/>
      </symbol>
      <symbol id="sm-11e">
         <name>exit</name>
         <value>0xc4004080</value>
         <object_component_ref idref="oc-5e"/>
      </symbol>
      <symbol id="sm-11f">
         <name>__TI_enable_exit_profile_output</name>
         <value>0xc40068e0</value>
         <object_component_ref idref="oc-94"/>
      </symbol>
      <symbol id="sm-126">
         <name>memcpy</name>
         <value>0xc40042a0</value>
         <object_component_ref idref="oc-38"/>
      </symbol>
      <symbol id="sm-161">
         <name>_sys_memory</name>
         <value>0xc4005540</value>
         <object_component_ref idref="oc-30"/>
      </symbol>
      <symbol id="sm-162">
         <name>malloc</name>
         <value>0xc4003620</value>
         <object_component_ref idref="oc-c2"/>
      </symbol>
      <symbol id="sm-163">
         <name>_minit</name>
         <value>0xc4004200</value>
         <object_component_ref idref="oc-112"/>
      </symbol>
      <symbol id="sm-171">
         <name>_nop</name>
         <value>0xc40044c0</value>
         <object_component_ref idref="oc-150"/>
      </symbol>
      <symbol id="sm-172">
         <name>_lock</name>
         <value>0xc40068f0</value>
         <object_component_ref idref="oc-10e"/>
      </symbol>
      <symbol id="sm-173">
         <name>_unlock</name>
         <value>0xc40068f4</value>
         <object_component_ref idref="oc-10e"/>
      </symbol>
      <symbol id="sm-17a">
         <name>_args_main</name>
         <value>0xc4004480</value>
         <object_component_ref idref="oc-5a"/>
      </symbol>
      <symbol id="sm-186">
         <name>_auto_init_elf</name>
         <value>0xc4003da0</value>
         <object_component_ref idref="oc-56"/>
      </symbol>
      <symbol id="sm-190">
         <name>__TI_cpp_init</name>
         <value>0xc40037a0</value>
         <object_component_ref idref="oc-89"/>
      </symbol>
      <symbol id="sm-1a5">
         <name>copy_in</name>
         <value>0xc4003ea0</value>
         <object_component_ref idref="oc-81"/>
      </symbol>
      <symbol id="sm-1b2">
         <name>__TI_tls_init</name>
         <value>0xc4004140</value>
         <object_component_ref idref="oc-85"/>
      </symbol>
      <symbol id="sm-21f">
         <name>ipc_NotifySendInterrupt</name>
         <value>0xc4002284</value>
         <object_component_ref idref="oc-c6"/>
      </symbol>
      <symbol id="sm-220">
         <name>ipc_NotifySetup</name>
         <value>0xc40024e4</value>
         <object_component_ref idref="oc-c6"/>
      </symbol>
      <symbol id="sm-221">
         <name>ipc_NotifyIntInfo</name>
         <value>0xc40024c0</value>
         <object_component_ref idref="oc-c6"/>
      </symbol>
      <symbol id="sm-222">
         <name>Notify_waitEvent</name>
         <value>0xc4001cac</value>
         <object_component_ref idref="oc-c6"/>
      </symbol>
      <symbol id="sm-223">
         <name>ipc_InitSyncRemote</name>
         <value>0xc40021cc</value>
         <object_component_ref idref="oc-c6"/>
      </symbol>
      <symbol id="sm-224">
         <name>Notify_sendEvent</name>
         <value>0xc40020a8</value>
         <object_component_ref idref="oc-c6"/>
      </symbol>
      <symbol id="sm-225">
         <name>Notify_enableEvent</name>
         <value>0xc4001d94</value>
         <object_component_ref idref="oc-c6"/>
      </symbol>
      <symbol id="sm-226">
         <name>Notify_disableEvent</name>
         <value>0xc4001d38</value>
         <object_component_ref idref="oc-c6"/>
      </symbol>
      <symbol id="sm-227">
         <name>Notify_start</name>
         <value>0xc4001aa0</value>
         <object_component_ref idref="oc-c6"/>
      </symbol>
      <symbol id="sm-228">
         <name>Notify_registerEvent</name>
         <value>0xc4001dec</value>
         <object_component_ref idref="oc-c6"/>
      </symbol>
      <symbol id="sm-229">
         <name>ipc_NotifyIsrAckEvent</name>
         <value>0xc40022f0</value>
         <object_component_ref idref="oc-c6"/>
      </symbol>
      <symbol id="sm-22a">
         <name>Notify_unregisterEvent</name>
         <value>0xc4001f40</value>
         <object_component_ref idref="oc-c6"/>
      </symbol>
      <symbol id="sm-22b">
         <name>Notify_disable</name>
         <value>0xc4001b10</value>
         <object_component_ref idref="oc-c6"/>
      </symbol>
      <symbol id="sm-22c">
         <name>ipc_NotifySyncRemote</name>
         <value>0xc4002214</value>
         <object_component_ref idref="oc-c6"/>
      </symbol>
      <symbol id="sm-22d">
         <name>ipc_quickWait</name>
         <value>0xc40021b4</value>
         <object_component_ref idref="oc-c6"/>
      </symbol>
      <symbol id="sm-22e">
         <name>Notify_restore</name>
         <value>0xc4001bd8</value>
         <object_component_ref idref="oc-c6"/>
      </symbol>
      <symbol id="sm-246">
         <name>IPC_intRegister</name>
         <value>0xc4003c60</value>
         <object_component_ref idref="oc-d0"/>
      </symbol>
      <symbol id="sm-247">
         <name>IPC_init</name>
         <value>0xc4003b40</value>
         <object_component_ref idref="oc-d0"/>
      </symbol>
      <symbol id="sm-258">
         <name>ipc_NotifyIntDisable</name>
         <value>0xc4003cd4</value>
         <object_component_ref idref="oc-11f"/>
      </symbol>
      <symbol id="sm-259">
         <name>ipc_SetIpcInt</name>
         <value>0xc4003d24</value>
         <object_component_ref idref="oc-11f"/>
      </symbol>
      <symbol id="sm-25a">
         <name>ipc_CheckIntStatus</name>
         <value>0xc4003d5c</value>
         <object_component_ref idref="oc-11f"/>
      </symbol>
      <symbol id="sm-25b">
         <name>ipc_ClearIpcInt</name>
         <value>0xc4003ce8</value>
         <object_component_ref idref="oc-11f"/>
      </symbol>
      <symbol id="sm-25c">
         <name>ipc_RegisterInt</name>
         <value>0xc4003ca0</value>
         <object_component_ref idref="oc-11f"/>
      </symbol>
      <symbol id="sm-25d">
         <name>ipc_NotifyIsr</name>
         <value>0xc4003c80</value>
         <object_component_ref idref="oc-11f"/>
      </symbol>
      <symbol id="sm-25e">
         <name>ipc_CheckIpcIntStatus</name>
         <value>0xc4003d70</value>
         <object_component_ref idref="oc-11f"/>
      </symbol>
      <symbol id="sm-25f">
         <name>ipc_NotifyIntEnable</name>
         <value>0xc4003cc4</value>
         <object_component_ref idref="oc-11f"/>
      </symbol>
      <symbol id="sm-283">
         <name>PSCModuleControl</name>
         <value>0xc4003a00</value>
         <object_component_ref idref="oc-d5"/>
      </symbol>
      <symbol id="sm-29c">
         <name>GPIOPinIntClear</name>
         <value>0xc40030ac</value>
         <object_component_ref idref="oc-bd"/>
      </symbol>
      <symbol id="sm-29d">
         <name>GPIODirModeGet</name>
         <value>0xc4002d18</value>
         <object_component_ref idref="oc-bd"/>
      </symbol>
      <symbol id="sm-29e">
         <name>GPIOIntTypeSet</name>
         <value>0xc4002e58</value>
         <object_component_ref idref="oc-bd"/>
      </symbol>
      <symbol id="sm-29f">
         <name>GPIOIntTypeGet</name>
         <value>0xc4002fc4</value>
         <object_component_ref idref="oc-bd"/>
      </symbol>
      <symbol id="sm-2a0">
         <name>GPIOPinRead</name>
         <value>0xc4002df8</value>
         <object_component_ref idref="oc-bd"/>
      </symbol>
      <symbol id="sm-2a1">
         <name>GPIODirModeSet</name>
         <value>0xc4002c80</value>
         <object_component_ref idref="oc-bd"/>
      </symbol>
      <symbol id="sm-2a2">
         <name>GPIOBankPinsWrite</name>
         <value>0xc4003150</value>
         <object_component_ref idref="oc-bd"/>
      </symbol>
      <symbol id="sm-2a3">
         <name>GPIOPinWrite</name>
         <value>0xc4002d78</value>
         <object_component_ref idref="oc-bd"/>
      </symbol>
      <symbol id="sm-2a4">
         <name>GPIOBankIntEnable</name>
         <value>0xc40030f4</value>
         <object_component_ref idref="oc-bd"/>
      </symbol>
      <symbol id="sm-2a5">
         <name>GPIOBankIntDisable</name>
         <value>0xc4003124</value>
         <object_component_ref idref="oc-bd"/>
      </symbol>
      <symbol id="sm-2a6">
         <name>GPIOPinIntStatus</name>
         <value>0xc400304c</value>
         <object_component_ref idref="oc-bd"/>
      </symbol>
      <symbol id="sm-312">
         <name>IntEventCombineRegister</name>
         <value>0xc40029f8</value>
         <object_component_ref idref="oc-cb"/>
      </symbol>
      <symbol id="sm-313">
         <name>IntEventMap</name>
         <value>0xc400275c</value>
         <object_component_ref idref="oc-cb"/>
      </symbol>
      <symbol id="sm-314">
         <name>_c674x_mask_int9_isr</name>
         <value>0xc4000e30</value>
         <object_component_ref idref="oc-32"/>
      </symbol>
      <symbol id="sm-315">
         <name>IntUnRegister</name>
         <value>0xc4002734</value>
         <object_component_ref idref="oc-cb"/>
      </symbol>
      <symbol id="sm-316">
         <name>IntEnable</name>
         <value>0xc4002a20</value>
         <object_component_ref idref="oc-cb"/>
      </symbol>
      <symbol id="sm-317">
         <name>_c674x_mask_int8_isr</name>
         <value>0xc4000c68</value>
         <object_component_ref idref="oc-32"/>
      </symbol>
      <symbol id="sm-318">
         <name>IntGlobalRestore</name>
         <value>0xc4002ac0</value>
         <object_component_ref idref="oc-cb"/>
      </symbol>
      <symbol id="sm-319">
         <name>_c674x_mask_int11_isr</name>
         <value>0xc40011c0</value>
         <object_component_ref idref="oc-32"/>
      </symbol>
      <symbol id="sm-31a">
         <name>IntGlobalEnable</name>
         <value>0xc4002a98</value>
         <object_component_ref idref="oc-cb"/>
      </symbol>
      <symbol id="sm-31b">
         <name>IntEventClear</name>
         <value>0xc4002818</value>
         <object_component_ref idref="oc-cb"/>
      </symbol>
      <symbol id="sm-31c">
         <name>_c674x_mask_int7_isr</name>
         <value>0xc4000aa4</value>
         <object_component_ref idref="oc-32"/>
      </symbol>
      <symbol id="sm-31d">
         <name>_c674x_mask_int10_isr</name>
         <value>0xc4000ff8</value>
         <object_component_ref idref="oc-32"/>
      </symbol>
      <symbol id="sm-31e">
         <name>_c674x_mask_int6_isr</name>
         <value>0xc40008e0</value>
         <object_component_ref idref="oc-32"/>
      </symbol>
      <symbol id="sm-31f">
         <name>ExcCombineRemove</name>
         <value>0xc4002b40</value>
         <object_component_ref idref="oc-cb"/>
      </symbol>
      <symbol id="sm-320">
         <name>_c674x_mask_int13_isr</name>
         <value>0xc4001548</value>
         <object_component_ref idref="oc-32"/>
      </symbol>
      <symbol id="sm-321">
         <name>IntDisable</name>
         <value>0xc4002a50</value>
         <object_component_ref idref="oc-cb"/>
      </symbol>
      <symbol id="sm-322">
         <name>IntRegister</name>
         <value>0xc4002710</value>
         <object_component_ref idref="oc-cb"/>
      </symbol>
      <symbol id="sm-323">
         <name>ExcCombineAdd</name>
         <value>0xc4002af8</value>
         <object_component_ref idref="oc-cb"/>
      </symbol>
      <symbol id="sm-324">
         <name>IntGlobalDisable</name>
         <value>0xc4002aac</value>
         <object_component_ref idref="oc-cb"/>
      </symbol>
      <symbol id="sm-325">
         <name>_c674x_rsvd_int3_isr</name>
         <value>0xc4000388</value>
         <object_component_ref idref="oc-32"/>
      </symbol>
      <symbol id="sm-326">
         <name>_c674x_nmi_isr</name>
         <value>0xc4000000</value>
         <object_component_ref idref="oc-32"/>
      </symbol>
      <symbol id="sm-327">
         <name>_c674x_mask_int5_isr</name>
         <value>0xc4000718</value>
         <object_component_ref idref="oc-32"/>
      </symbol>
      <symbol id="sm-328">
         <name>_c674x_mask_int12_isr</name>
         <value>0xc4001384</value>
         <object_component_ref idref="oc-32"/>
      </symbol>
      <symbol id="sm-329">
         <name>ExcGlobalEnable</name>
         <value>0xc4002ad8</value>
         <object_component_ref idref="oc-cb"/>
      </symbol>
      <symbol id="sm-32a">
         <name>_c674x_rsvd_int2_isr</name>
         <value>0xc40001c4</value>
         <object_component_ref idref="oc-32"/>
      </symbol>
      <symbol id="sm-32b">
         <name>_c674x_mask_int4_isr</name>
         <value>0xc4000550</value>
         <object_component_ref idref="oc-32"/>
      </symbol>
      <symbol id="sm-32c">
         <name>IntDSPINTCInit</name>
         <value>0xc40026a0</value>
         <object_component_ref idref="oc-cb"/>
      </symbol>
      <symbol id="sm-32d">
         <name>IntEventCombineInit</name>
         <value>0xc4002850</value>
         <object_component_ref idref="oc-cb"/>
      </symbol>
      <symbol id="sm-32e">
         <name>_c674x_mask_int15_isr</name>
         <value>0xc40018d8</value>
         <object_component_ref idref="oc-32"/>
      </symbol>
      <symbol id="sm-32f">
         <name>IntEventSet</name>
         <value>0xc40027e4</value>
         <object_component_ref idref="oc-cb"/>
      </symbol>
      <symbol id="sm-330">
         <name>IntEventCombineAdd</name>
         <value>0xc4002954</value>
         <object_component_ref idref="oc-cb"/>
      </symbol>
      <symbol id="sm-331">
         <name>_c674x_mask_int14_isr</name>
         <value>0xc4001710</value>
         <object_component_ref idref="oc-32"/>
      </symbol>
      <symbol id="sm-332">
         <name>IntEventCombineRemove</name>
         <value>0xc40029a8</value>
         <object_component_ref idref="oc-cb"/>
      </symbol>
      <symbol id="sm-333">
         <name>IntReset</name>
         <value>0xc4002a84</value>
         <object_component_ref idref="oc-cb"/>
      </symbol>
      <symbol id="sm-33a">
         <name>_intcVectorTable</name>
         <value>0xc4003800</value>
         <object_component_ref idref="oc-2c"/>
      </symbol>
      <symbol id="sm-33b">
         <name>__TI_STATIC_BASE</name>
         <value>0xc4006908</value>
      </symbol>
      <symbol id="sm-33c">
         <name>__TI_args_main</name>
         <value>0x1</value>
      </symbol>
      <symbol id="sm-33d">
         <name>__TI_INITARRAY_Base</name>
         <value>0x0</value>
      </symbol>
      <symbol id="sm-33e">
         <name>__TI_INITARRAY_Limit</name>
         <value>0x0</value>
      </symbol>
      <symbol id="sm-33f">
         <name>__TI_TLS_INIT_Base</name>
         <value>0x0</value>
      </symbol>
      <symbol id="sm-340">
         <name>__TI_TLS_INIT_Limit</name>
         <value>0x0</value>
      </symbol>
   </symbol_table>
</link_info>
