<?xml version="1.0"?>
<link_info>
   <banner>TI ARM Linker PC v5.1.1</banner>
   <copyright>Copyright (c) 1996-2013 Texas Instruments Incorporated</copyright>
   <link_time>0x5811f45d</link_time>
   <link_errors>0x0</link_errors>
   <output_file>ipc_buffer_io.out</output_file>
   <entry_point>
      <name>Entry</name>
      <address>0xc1080000</address>
   </entry_point>
   <input_file_list>
      <input_file id="fl-2">
         <path>.\</path>
         <kind>object</kind>
         <file>main_arm.obj</file>
         <name>main_arm.obj</name>
      </input_file>
      <input_file id="fl-c">
         <path>..\..\..\..\..\..\..\binary\armv5\cgt_ccs\omapl138\system_config\Debug\</path>
         <kind>archive</kind>
         <file>system_config.lib</file>
         <name>interrupt.obj</name>
      </input_file>
      <input_file id="fl-d">
         <path>..\..\..\..\..\..\..\binary\armv5\cgt_ccs\omapl138\system_config\Debug\</path>
         <kind>archive</kind>
         <file>system_config.lib</file>
         <name>init.obj</name>
      </input_file>
      <input_file id="fl-e">
         <path>..\..\..\..\..\..\..\binary\armv5\cgt_ccs\omapl138\system_config\Debug\</path>
         <kind>archive</kind>
         <file>system_config.lib</file>
         <name>cpu.obj</name>
      </input_file>
      <input_file id="fl-f">
         <path>..\..\..\..\..\..\..\binary\armv5\cgt_ccs\omapl138\system_config\Debug\</path>
         <kind>archive</kind>
         <file>system_config.lib</file>
         <name>startup.obj</name>
      </input_file>
      <input_file id="fl-10">
         <path>..\..\..\..\..\..\..\binary\armv5\cgt_ccs\omapl138\system_config\Debug\</path>
         <kind>archive</kind>
         <file>system_config.lib</file>
         <name>exceptionhandler.obj</name>
      </input_file>
      <input_file id="fl-13a">
         <path>C:\ti\ccsv5\tools\compiler\arm_5.1.1\lib\</path>
         <kind>archive</kind>
         <file>rtsv5_A_le_eabi.lib</file>
         <name>auto_init.obj</name>
      </input_file>
      <input_file id="fl-13b">
         <path>C:\ti\ccsv5\tools\compiler\arm_5.1.1\lib\</path>
         <kind>archive</kind>
         <file>rtsv5_A_le_eabi.lib</file>
         <name>boot.obj</name>
      </input_file>
      <input_file id="fl-13c">
         <path>C:\ti\ccsv5\tools\compiler\arm_5.1.1\lib\</path>
         <kind>archive</kind>
         <file>rtsv5_A_le_eabi.lib</file>
         <name>copy_decompress_none.obj</name>
      </input_file>
      <input_file id="fl-13d">
         <path>C:\ti\ccsv5\tools\compiler\arm_5.1.1\lib\</path>
         <kind>archive</kind>
         <file>rtsv5_A_le_eabi.lib</file>
         <name>copy_decompress_rle.obj</name>
      </input_file>
      <input_file id="fl-13e">
         <path>C:\ti\ccsv5\tools\compiler\arm_5.1.1\lib\</path>
         <kind>archive</kind>
         <file>rtsv5_A_le_eabi.lib</file>
         <name>copy_zero_init.obj</name>
      </input_file>
      <input_file id="fl-13f">
         <path>C:\ti\ccsv5\tools\compiler\arm_5.1.1\lib\</path>
         <kind>archive</kind>
         <file>rtsv5_A_le_eabi.lib</file>
         <name>cpy_tbl.obj</name>
      </input_file>
      <input_file id="fl-140">
         <path>C:\ti\ccsv5\tools\compiler\arm_5.1.1\lib\</path>
         <kind>archive</kind>
         <file>rtsv5_A_le_eabi.lib</file>
         <name>exit.obj</name>
      </input_file>
      <input_file id="fl-141">
         <path>C:\ti\ccsv5\tools\compiler\arm_5.1.1\lib\</path>
         <kind>archive</kind>
         <file>rtsv5_A_le_eabi.lib</file>
         <name>memcpy32.obj</name>
      </input_file>
      <input_file id="fl-142">
         <path>C:\ti\ccsv5\tools\compiler\arm_5.1.1\lib\</path>
         <kind>archive</kind>
         <file>rtsv5_A_le_eabi.lib</file>
         <name>printf.obj</name>
      </input_file>
      <input_file id="fl-143">
         <path>C:\ti\ccsv5\tools\compiler\arm_5.1.1\lib\</path>
         <kind>archive</kind>
         <file>rtsv5_A_le_eabi.lib</file>
         <name>stkdepth_vars.obj</name>
      </input_file>
      <input_file id="fl-144">
         <path>C:\ti\ccsv5\tools\compiler\arm_5.1.1\lib\</path>
         <kind>archive</kind>
         <file>rtsv5_A_le_eabi.lib</file>
         <name>_lock.obj</name>
      </input_file>
      <input_file id="fl-145">
         <path>C:\ti\ccsv5\tools\compiler\arm_5.1.1\lib\</path>
         <kind>archive</kind>
         <file>rtsv5_A_le_eabi.lib</file>
         <name>_printfi.obj</name>
      </input_file>
      <input_file id="fl-146">
         <path>C:\ti\ccsv5\tools\compiler\arm_5.1.1\lib\</path>
         <kind>archive</kind>
         <file>rtsv5_A_le_eabi.lib</file>
         <name>args_main.obj</name>
      </input_file>
      <input_file id="fl-147">
         <path>C:\ti\ccsv5\tools\compiler\arm_5.1.1\lib\</path>
         <kind>archive</kind>
         <file>rtsv5_A_le_eabi.lib</file>
         <name>atoi.obj</name>
      </input_file>
      <input_file id="fl-148">
         <path>C:\ti\ccsv5\tools\compiler\arm_5.1.1\lib\</path>
         <kind>archive</kind>
         <file>rtsv5_A_le_eabi.lib</file>
         <name>ctype.obj</name>
      </input_file>
      <input_file id="fl-149">
         <path>C:\ti\ccsv5\tools\compiler\arm_5.1.1\lib\</path>
         <kind>archive</kind>
         <file>rtsv5_A_le_eabi.lib</file>
         <name>defs.obj</name>
      </input_file>
      <input_file id="fl-14a">
         <path>C:\ti\ccsv5\tools\compiler\arm_5.1.1\lib\</path>
         <kind>archive</kind>
         <file>rtsv5_A_le_eabi.lib</file>
         <name>fd_add32.obj</name>
      </input_file>
      <input_file id="fl-14b">
         <path>C:\ti\ccsv5\tools\compiler\arm_5.1.1\lib\</path>
         <kind>archive</kind>
         <file>rtsv5_A_le_eabi.lib</file>
         <name>fd_cmp32.obj</name>
      </input_file>
      <input_file id="fl-14c">
         <path>C:\ti\ccsv5\tools\compiler\arm_5.1.1\lib\</path>
         <kind>archive</kind>
         <file>rtsv5_A_le_eabi.lib</file>
         <name>fd_div32.obj</name>
      </input_file>
      <input_file id="fl-14d">
         <path>C:\ti\ccsv5\tools\compiler\arm_5.1.1\lib\</path>
         <kind>archive</kind>
         <file>rtsv5_A_le_eabi.lib</file>
         <name>fd_mul32.obj</name>
      </input_file>
      <input_file id="fl-14e">
         <path>C:\ti\ccsv5\tools\compiler\arm_5.1.1\lib\</path>
         <kind>archive</kind>
         <file>rtsv5_A_le_eabi.lib</file>
         <name>fd_toi32.obj</name>
      </input_file>
      <input_file id="fl-14f">
         <path>C:\ti\ccsv5\tools\compiler\arm_5.1.1\lib\</path>
         <kind>archive</kind>
         <file>rtsv5_A_le_eabi.lib</file>
         <name>fputc.obj</name>
      </input_file>
      <input_file id="fl-150">
         <path>C:\ti\ccsv5\tools\compiler\arm_5.1.1\lib\</path>
         <kind>archive</kind>
         <file>rtsv5_A_le_eabi.lib</file>
         <name>fputs.obj</name>
      </input_file>
      <input_file id="fl-151">
         <path>C:\ti\ccsv5\tools\compiler\arm_5.1.1\lib\</path>
         <kind>archive</kind>
         <file>rtsv5_A_le_eabi.lib</file>
         <name>i_tofd32.obj</name>
      </input_file>
      <input_file id="fl-152">
         <path>C:\ti\ccsv5\tools\compiler\arm_5.1.1\lib\</path>
         <kind>archive</kind>
         <file>rtsv5_A_le_eabi.lib</file>
         <name>lowlev.obj</name>
      </input_file>
      <input_file id="fl-153">
         <path>C:\ti\ccsv5\tools\compiler\arm_5.1.1\lib\</path>
         <kind>archive</kind>
         <file>rtsv5_A_le_eabi.lib</file>
         <name>ltoa.obj</name>
      </input_file>
      <input_file id="fl-154">
         <path>C:\ti\ccsv5\tools\compiler\arm_5.1.1\lib\</path>
         <kind>archive</kind>
         <file>rtsv5_A_le_eabi.lib</file>
         <name>memccpy.obj</name>
      </input_file>
      <input_file id="fl-155">
         <path>C:\ti\ccsv5\tools\compiler\arm_5.1.1\lib\</path>
         <kind>archive</kind>
         <file>rtsv5_A_le_eabi.lib</file>
         <name>memchr.obj</name>
      </input_file>
      <input_file id="fl-156">
         <path>C:\ti\ccsv5\tools\compiler\arm_5.1.1\lib\</path>
         <kind>archive</kind>
         <file>rtsv5_A_le_eabi.lib</file>
         <name>memset32.obj</name>
      </input_file>
      <input_file id="fl-157">
         <path>C:\ti\ccsv5\tools\compiler\arm_5.1.1\lib\</path>
         <kind>archive</kind>
         <file>rtsv5_A_le_eabi.lib</file>
         <name>strchr.obj</name>
      </input_file>
      <input_file id="fl-158">
         <path>C:\ti\ccsv5\tools\compiler\arm_5.1.1\lib\</path>
         <kind>archive</kind>
         <file>rtsv5_A_le_eabi.lib</file>
         <name>strcmp.obj</name>
      </input_file>
      <input_file id="fl-159">
         <path>C:\ti\ccsv5\tools\compiler\arm_5.1.1\lib\</path>
         <kind>archive</kind>
         <file>rtsv5_A_le_eabi.lib</file>
         <name>strlen.obj</name>
      </input_file>
      <input_file id="fl-15a">
         <path>C:\ti\ccsv5\tools\compiler\arm_5.1.1\lib\</path>
         <kind>archive</kind>
         <file>rtsv5_A_le_eabi.lib</file>
         <name>strncpy.obj</name>
      </input_file>
      <input_file id="fl-15b">
         <path>C:\ti\ccsv5\tools\compiler\arm_5.1.1\lib\</path>
         <kind>archive</kind>
         <file>rtsv5_A_le_eabi.lib</file>
         <name>trgdrv.obj</name>
      </input_file>
      <input_file id="fl-15c">
         <path>C:\ti\ccsv5\tools\compiler\arm_5.1.1\lib\</path>
         <kind>archive</kind>
         <file>rtsv5_A_le_eabi.lib</file>
         <name>trgmsg.obj</name>
      </input_file>
      <input_file id="fl-15d">
         <path>C:\ti\ccsv5\tools\compiler\arm_5.1.1\lib\</path>
         <kind>archive</kind>
         <file>rtsv5_A_le_eabi.lib</file>
         <name>u_div32.obj</name>
      </input_file>
      <input_file id="fl-15e">
         <path>C:\ti\ccsv5\tools\compiler\arm_5.1.1\lib\</path>
         <kind>archive</kind>
         <file>rtsv5_A_le_eabi.lib</file>
         <name>ull_div32.obj</name>
      </input_file>
      <input_file id="fl-15f">
         <path>C:\ti\ccsv5\tools\compiler\arm_5.1.1\lib\</path>
         <kind>archive</kind>
         <file>rtsv5_A_le_eabi.lib</file>
         <name>xdclass.obj</name>
      </input_file>
      <input_file id="fl-160">
         <path>C:\ti\ccsv5\tools\compiler\arm_5.1.1\lib\</path>
         <kind>archive</kind>
         <file>rtsv5_A_le_eabi.lib</file>
         <name>xdtest.obj</name>
      </input_file>
      <input_file id="fl-161">
         <path>C:\ti\ccsv5\tools\compiler\arm_5.1.1\lib\</path>
         <kind>archive</kind>
         <file>rtsv5_A_le_eabi.lib</file>
         <name>_io_perm.obj</name>
      </input_file>
      <input_file id="fl-162">
         <path>C:\ti\ccsv5\tools\compiler\arm_5.1.1\lib\</path>
         <kind>archive</kind>
         <file>rtsv5_A_le_eabi.lib</file>
         <name>fflush.obj</name>
      </input_file>
      <input_file id="fl-163">
         <path>C:\ti\ccsv5\tools\compiler\arm_5.1.1\lib\</path>
         <kind>archive</kind>
         <file>rtsv5_A_le_eabi.lib</file>
         <name>fseek.obj</name>
      </input_file>
      <input_file id="fl-164">
         <path>C:\ti\ccsv5\tools\compiler\arm_5.1.1\lib\</path>
         <kind>archive</kind>
         <file>rtsv5_A_le_eabi.lib</file>
         <name>i_div32.obj</name>
      </input_file>
      <input_file id="fl-165">
         <path>C:\ti\ccsv5\tools\compiler\arm_5.1.1\lib\</path>
         <kind>archive</kind>
         <file>rtsv5_A_le_eabi.lib</file>
         <name>setvbuf.obj</name>
      </input_file>
      <input_file id="fl-166">
         <path>C:\ti\ccsv5\tools\compiler\arm_5.1.1\lib\</path>
         <kind>archive</kind>
         <file>rtsv5_A_le_eabi.lib</file>
         <name>strcpy.obj</name>
      </input_file>
      <input_file id="fl-167">
         <path>C:\ti\ccsv5\tools\compiler\arm_5.1.1\lib\</path>
         <kind>archive</kind>
         <file>rtsv5_A_le_eabi.lib</file>
         <name>fopen.obj</name>
      </input_file>
      <input_file id="fl-168">
         <path>C:\ti\ccsv5\tools\compiler\arm_5.1.1\lib\</path>
         <kind>archive</kind>
         <file>rtsv5_A_le_eabi.lib</file>
         <name>memory.obj</name>
      </input_file>
      <input_file id="fl-169">
         <path>C:\ti\ccsv5\tools\compiler\arm_5.1.1\lib\</path>
         <kind>archive</kind>
         <file>rtsv5_A_le_eabi.lib</file>
         <name>fclose.obj</name>
      </input_file>
      <input_file id="fl-16a">
         <path>C:\ti\ccsv5\tools\compiler\arm_5.1.1\lib\</path>
         <kind>archive</kind>
         <file>rtsv5_A_le_eabi.lib</file>
         <name>remove.obj</name>
      </input_file>
      <input_file id="fl-16b">
         <path>..\..\..\..\..\..\..\binary\armv5\cgt_ccs\omapl138\ipclite\Debug\</path>
         <kind>archive</kind>
         <file>ipclite.lib</file>
         <name>notify.obj</name>
      </input_file>
      <input_file id="fl-16c">
         <path>..\..\..\..\..\..\..\binary\armv5\cgt_ccs\omapl138\ipclite\Debug\</path>
         <kind>archive</kind>
         <file>ipclite.lib</file>
         <name>ipc.obj</name>
      </input_file>
      <input_file id="fl-16d">
         <path>..\..\..\..\..\..\..\binary\armv5\cgt_ccs\omapl138\ipclite\Debug\</path>
         <kind>archive</kind>
         <file>ipclite.lib</file>
         <name>notify_driver_OMAPL138.obj</name>
      </input_file>
      <input_file id="fl-16e">
         <path>..\..\..\..\..\..\..\binary\armv5\cgt_ccs\omapl138\drivers\Debug\</path>
         <kind>archive</kind>
         <file>drivers.lib</file>
         <name>psc.obj</name>
      </input_file>
      <input_file id="fl-16f">
         <path>..\..\..\..\..\..\..\binary\armv5\cgt_ccs\omapl138\drivers\Debug\</path>
         <kind>archive</kind>
         <file>drivers.lib</file>
         <name>gpio.obj</name>
      </input_file>
      <input_file id="fl-170">
         <path>..\..\..\..\..\..\..\binary\armv5\cgt_ccs\omapl138\evmOMAPL138\platform\Debug\</path>
         <kind>archive</kind>
         <file>platform.lib</file>
         <name>syscfg.obj</name>
      </input_file>
   </input_file_list>
   <object_component_list>
      <object_component id="oc-d">
         <name>.text</name>
         <load_address>0xc1080000</load_address>
         <run_address>0xc1080000</run_address>
         <size>0x94</size>
         <input_file_ref idref="fl-d"/>
      </object_component>
      <object_component id="oc-2c0">
         <name>.tramp.__TI_auto_init.1</name>
         <load_address>0xc1080094</load_address>
         <run_address>0xc1080094</run_address>
         <size>0x8</size>
         <input_file_ref idref="fl-13a"/>
      </object_component>
      <object_component id="oc-da">
         <name>.text</name>
         <load_address>0xc108809c</load_address>
         <run_address>0xc108809c</run_address>
         <size>0x16c4</size>
         <input_file_ref idref="fl-145"/>
      </object_component>
      <object_component id="oc-5e">
         <name>.text</name>
         <load_address>0xc1089760</load_address>
         <run_address>0xc1089760</run_address>
         <size>0x1664</size>
         <input_file_ref idref="fl-2"/>
      </object_component>
      <object_component id="oc-a3">
         <name>.text</name>
         <load_address>0xc108adc4</load_address>
         <run_address>0xc108adc4</run_address>
         <size>0xa48</size>
         <input_file_ref idref="fl-16b"/>
      </object_component>
      <object_component id="oc-9e">
         <name>.text</name>
         <load_address>0xc108b80c</load_address>
         <run_address>0xc108b80c</run_address>
         <size>0x6bc</size>
         <input_file_ref idref="fl-16f"/>
      </object_component>
      <object_component id="oc-218">
         <name>.text</name>
         <load_address>0xc108bec8</load_address>
         <run_address>0xc108bec8</run_address>
         <size>0x628</size>
         <input_file_ref idref="fl-168"/>
      </object_component>
      <object_component id="oc-130">
         <name>.text</name>
         <load_address>0xc108c4f0</load_address>
         <run_address>0xc108c4f0</run_address>
         <size>0x54c</size>
         <input_file_ref idref="fl-152"/>
      </object_component>
      <object_component id="oc-237">
         <name>.text</name>
         <load_address>0xc108ca3c</load_address>
         <run_address>0xc108ca3c</run_address>
         <size>0x4cc</size>
         <input_file_ref idref="fl-15b"/>
      </object_component>
      <object_component id="oc-a8">
         <name>.text</name>
         <load_address>0xc108cf08</load_address>
         <run_address>0xc108cf08</run_address>
         <size>0x3b8</size>
         <input_file_ref idref="fl-c"/>
      </object_component>
      <object_component id="oc-21f">
         <name>.text</name>
         <load_address>0xc108d2c0</load_address>
         <run_address>0xc108d2c0</run_address>
         <size>0x2e0</size>
         <input_file_ref idref="fl-167"/>
      </object_component>
      <object_component id="oc-143">
         <name>.text</name>
         <load_address>0xc108d5a0</load_address>
         <run_address>0xc108d5a0</run_address>
         <size>0x2b8</size>
         <input_file_ref idref="fl-15e"/>
      </object_component>
      <object_component id="oc-168">
         <name>.text</name>
         <load_address>0xc108d858</load_address>
         <run_address>0xc108d858</run_address>
         <size>0x214</size>
         <input_file_ref idref="fl-14a"/>
      </object_component>
      <object_component id="oc-d5">
         <name>.text</name>
         <load_address>0xc108da6c</load_address>
         <run_address>0xc108da6c</run_address>
         <size>0x1d4</size>
         <input_file_ref idref="fl-150"/>
      </object_component>
      <object_component id="oc-153">
         <name>.text</name>
         <load_address>0xc108dc40</load_address>
         <run_address>0xc108dc40</run_address>
         <size>0x190</size>
         <input_file_ref idref="fl-14c"/>
      </object_component>
      <object_component id="oc-2d">
         <name>.text</name>
         <load_address>0xc108ddd0</load_address>
         <run_address>0xc108ddd0</run_address>
         <size>0x180</size>
         <input_file_ref idref="fl-141"/>
      </object_component>
      <object_component id="oc-59">
         <name>.text</name>
         <load_address>0xc108df50</load_address>
         <run_address>0xc108df50</run_address>
         <size>0x154</size>
         <input_file_ref idref="fl-16e"/>
      </object_component>
      <object_component id="oc-1be">
         <name>.text</name>
         <load_address>0xc108e0a4</load_address>
         <run_address>0xc108e0a4</run_address>
         <size>0x154</size>
         <input_file_ref idref="fl-165"/>
      </object_component>
      <object_component id="oc-ad">
         <name>.text</name>
         <load_address>0xc108e1f8</load_address>
         <run_address>0xc108e1f8</run_address>
         <size>0x138</size>
         <input_file_ref idref="fl-16c"/>
      </object_component>
      <object_component id="oc-12b">
         <name>.text</name>
         <load_address>0xc108e330</load_address>
         <run_address>0xc108e330</run_address>
         <size>0x12c</size>
         <input_file_ref idref="fl-162"/>
      </object_component>
      <object_component id="oc-14f">
         <name>.text</name>
         <load_address>0xc108e45c</load_address>
         <run_address>0xc108e45c</run_address>
         <size>0x128</size>
         <input_file_ref idref="fl-14d"/>
      </object_component>
      <object_component id="oc-eb">
         <name>.text</name>
         <load_address>0xc108e584</load_address>
         <run_address>0xc108e584</run_address>
         <size>0x118</size>
         <input_file_ref idref="fl-16d"/>
      </object_component>
      <object_component id="oc-126">
         <name>.text</name>
         <load_address>0xc108e69c</load_address>
         <run_address>0xc108e69c</run_address>
         <size>0x118</size>
         <input_file_ref idref="fl-161"/>
      </object_component>
      <object_component id="oc-1f0">
         <name>.text</name>
         <load_address>0xc108e7b4</load_address>
         <run_address>0xc108e7b4</run_address>
         <size>0x118</size>
         <input_file_ref idref="fl-164"/>
      </object_component>
      <object_component id="oc-d0">
         <name>.text</name>
         <load_address>0xc108e8cc</load_address>
         <run_address>0xc108e8cc</run_address>
         <size>0x110</size>
         <input_file_ref idref="fl-14f"/>
      </object_component>
      <object_component id="oc-25d">
         <name>.text</name>
         <load_address>0xc108e9dc</load_address>
         <run_address>0xc108e9dc</run_address>
         <size>0xfc</size>
         <input_file_ref idref="fl-169"/>
      </object_component>
      <object_component id="oc-147">
         <name>.text</name>
         <load_address>0xc108ead8</load_address>
         <run_address>0xc108ead8</run_address>
         <size>0xf4</size>
         <input_file_ref idref="fl-15d"/>
      </object_component>
      <object_component id="oc-23">
         <name>.text</name>
         <load_address>0xc108ebcc</load_address>
         <run_address>0xc108ebcc</run_address>
         <size>0xd4</size>
         <input_file_ref idref="fl-13a"/>
      </object_component>
      <object_component id="oc-14b">
         <name>.text:__aeabi_cdcmple</name>
         <load_address>0xc108eca0</load_address>
         <run_address>0xc108eca0</run_address>
         <size>0xd0</size>
         <input_file_ref idref="fl-14b"/>
      </object_component>
      <object_component id="oc-157">
         <name>.text:__aeabi_cdrcmple</name>
         <load_address>0xc108ed70</load_address>
         <run_address>0xc108ed70</run_address>
         <size>0xd0</size>
         <input_file_ref idref="fl-14b"/>
      </object_component>
      <object_component id="oc-16c">
         <name>.text</name>
         <load_address>0xc108ee40</load_address>
         <run_address>0xc108ee40</run_address>
         <size>0xb0</size>
         <input_file_ref idref="fl-156"/>
      </object_component>
      <object_component id="oc-27">
         <name>.text</name>
         <load_address>0xc108eef0</load_address>
         <run_address>0xc108eef0</run_address>
         <size>0xb0</size>
         <input_file_ref idref="fl-f"/>
      </object_component>
      <object_component id="oc-1b9">
         <name>.text</name>
         <load_address>0xc108efa0</load_address>
         <run_address>0xc108efa0</run_address>
         <size>0xa8</size>
         <input_file_ref idref="fl-163"/>
      </object_component>
      <object_component id="oc-26d">
         <name>.text</name>
         <load_address>0xc108f048</load_address>
         <run_address>0xc108f048</run_address>
         <size>0xa8</size>
         <input_file_ref idref="fl-15c"/>
      </object_component>
      <object_component id="oc-99">
         <name>.text</name>
         <load_address>0xc108f0f0</load_address>
         <run_address>0xc108f0f0</run_address>
         <size>0xa4</size>
         <input_file_ref idref="fl-142"/>
      </object_component>
      <object_component id="oc-3f">
         <name>.text</name>
         <load_address>0xc108f194</load_address>
         <run_address>0xc108f194</run_address>
         <size>0x98</size>
         <input_file_ref idref="fl-13d"/>
      </object_component>
      <object_component id="oc-1f9">
         <name>.text</name>
         <load_address>0xc108f22c</load_address>
         <run_address>0xc108f22c</run_address>
         <size>0x90</size>
         <input_file_ref idref="fl-160"/>
      </object_component>
      <object_component id="oc-17a">
         <name>.text</name>
         <load_address>0xc108f2bc</load_address>
         <run_address>0xc108f2bc</run_address>
         <size>0x84</size>
         <input_file_ref idref="fl-147"/>
      </object_component>
      <object_component id="oc-4e">
         <name>.text</name>
         <load_address>0xc108f340</load_address>
         <run_address>0xc108f340</run_address>
         <size>0x84</size>
         <input_file_ref idref="fl-13f"/>
      </object_component>
      <object_component id="oc-15f">
         <name>.text</name>
         <load_address>0xc108f3c4</load_address>
         <run_address>0xc108f3c4</run_address>
         <size>0x80</size>
         <input_file_ref idref="fl-153"/>
      </object_component>
      <object_component id="oc-bf">
         <name>.text</name>
         <load_address>0xc108f444</load_address>
         <run_address>0xc108f444</run_address>
         <size>0x7c</size>
         <input_file_ref idref="fl-10"/>
      </object_component>
      <object_component id="oc-105">
         <name>.text</name>
         <load_address>0xc108f4c0</load_address>
         <run_address>0xc108f4c0</run_address>
         <size>0x60</size>
         <input_file_ref idref="fl-e"/>
      </object_component>
      <object_component id="oc-15b">
         <name>.text</name>
         <load_address>0xc108f520</load_address>
         <run_address>0xc108f520</run_address>
         <size>0x5c</size>
         <input_file_ref idref="fl-14e"/>
      </object_component>
      <object_component id="oc-54">
         <name>.text</name>
         <load_address>0xc108f57c</load_address>
         <run_address>0xc108f57c</run_address>
         <size>0x48</size>
         <input_file_ref idref="fl-170"/>
      </object_component>
      <object_component id="oc-1d3">
         <name>.text</name>
         <load_address>0xc108f5c4</load_address>
         <run_address>0xc108f5c4</run_address>
         <size>0x48</size>
         <input_file_ref idref="fl-15a"/>
      </object_component>
      <object_component id="oc-164">
         <name>.text</name>
         <load_address>0xc108f60c</load_address>
         <run_address>0xc108f60c</run_address>
         <size>0x3c</size>
         <input_file_ref idref="fl-151"/>
      </object_component>
      <object_component id="oc-13c">
         <name>.text</name>
         <load_address>0xc108f648</load_address>
         <run_address>0xc108f648</run_address>
         <size>0x2c</size>
         <input_file_ref idref="fl-155"/>
      </object_component>
      <object_component id="oc-175">
         <name>.text</name>
         <load_address>0xc108f674</load_address>
         <run_address>0xc108f674</run_address>
         <size>0x28</size>
         <input_file_ref idref="fl-154"/>
      </object_component>
      <object_component id="oc-1ce">
         <name>.text</name>
         <load_address>0xc108f69c</load_address>
         <run_address>0xc108f69c</run_address>
         <size>0x28</size>
         <input_file_ref idref="fl-157"/>
      </object_component>
      <object_component id="oc-1c9">
         <name>.text</name>
         <load_address>0xc108f6c4</load_address>
         <run_address>0xc108f6c4</run_address>
         <size>0x28</size>
         <input_file_ref idref="fl-158"/>
      </object_component>
      <object_component id="oc-18b">
         <name>.text</name>
         <load_address>0xc108f6ec</load_address>
         <run_address>0xc108f6ec</run_address>
         <size>0x24</size>
         <input_file_ref idref="fl-144"/>
      </object_component>
      <object_component id="oc-16">
         <name>.text:decompress:ZI</name>
         <load_address>0xc108f710</load_address>
         <run_address>0xc108f710</run_address>
         <size>0x20</size>
         <input_file_ref idref="fl-13e"/>
      </object_component>
      <object_component id="oc-137">
         <name>.text</name>
         <load_address>0xc108f730</load_address>
         <run_address>0xc108f730</run_address>
         <size>0x20</size>
         <input_file_ref idref="fl-159"/>
      </object_component>
      <object_component id="oc-272">
         <name>.text</name>
         <load_address>0xc108f750</load_address>
         <run_address>0xc108f750</run_address>
         <size>0x1c</size>
         <input_file_ref idref="fl-166"/>
      </object_component>
      <object_component id="oc-11">
         <name>.text:decompress:none</name>
         <load_address>0xc108f76c</load_address>
         <run_address>0xc108f76c</run_address>
         <size>0x14</size>
         <input_file_ref idref="fl-13c"/>
      </object_component>
      <object_component id="oc-170">
         <name>.text</name>
         <load_address>0xc108f780</load_address>
         <run_address>0xc108f780</run_address>
         <size>0x14</size>
         <input_file_ref idref="fl-15f"/>
      </object_component>
      <object_component id="oc-10a">
         <name>.text:CPUIntStatus</name>
         <load_address>0xc108f794</load_address>
         <run_address>0xc108f794</run_address>
         <size>0xc</size>
         <input_file_ref idref="fl-e"/>
      </object_component>
      <object_component id="oc-1b">
         <name>.text:decompress:rle24</name>
         <load_address>0xc108f7a0</load_address>
         <run_address>0xc108f7a0</run_address>
         <size>0x8</size>
         <input_file_ref idref="fl-13d"/>
      </object_component>
      <object_component id="oc-df">
         <name>.data</name>
         <load_address>0xc1091e18</load_address>
         <run_address>0xc1091e18</run_address>
         <size>0x8</size>
         <input_file_ref idref="fl-144"/>
      </object_component>
      <object_component id="oc-e1">
         <name>.data:_ftable</name>
         <load_address>0xc1091c3c</load_address>
         <run_address>0xc1091c3c</run_address>
         <size>0xf0</size>
         <input_file_ref idref="fl-149"/>
      </object_component>
      <object_component id="oc-1c5">
         <name>.data</name>
         <load_address>0xc1091dfc</load_address>
         <run_address>0xc1091dfc</run_address>
         <size>0x10</size>
         <input_file_ref idref="fl-149"/>
      </object_component>
      <object_component id="oc-1d8">
         <name>.data</name>
         <load_address>0xc1091d2c</load_address>
         <run_address>0xc1091d2c</run_address>
         <size>0xd0</size>
         <input_file_ref idref="fl-152"/>
      </object_component>
      <object_component id="oc-21d">
         <name>.data</name>
         <load_address>0xc1091e20</load_address>
         <run_address>0xc1091e20</run_address>
         <size>0x8</size>
         <input_file_ref idref="fl-140"/>
      </object_component>
      <object_component id="oc-257">
         <name>.data</name>
         <load_address>0xc1091e0c</load_address>
         <run_address>0xc1091e0c</run_address>
         <size>0xc</size>
         <input_file_ref idref="fl-168"/>
      </object_component>
      <object_component id="oc-262">
         <name>.data</name>
         <load_address>0xc1091e28</load_address>
         <run_address>0xc1091e28</run_address>
         <size>0x4</size>
         <input_file_ref idref="fl-167"/>
      </object_component>
      <object_component id="oc-f0">
         <name>.bss:ntfyCfgObj</name>
         <uninitialized>true</uninitialized>
         <run_address>0xc1091bfc</run_address>
         <size>0x24</size>
         <input_file_ref idref="fl-16b"/>
      </object_component>
      <object_component id="oc-f2">
         <name>.bss:esTbl</name>
         <uninitialized>true</uninitialized>
         <run_address>0xc1091a5c</run_address>
         <size>0x100</size>
         <input_file_ref idref="fl-16b"/>
      </object_component>
      <object_component id="oc-10b">
         <name>.bss:fnRAMVectors</name>
         <uninitialized>true</uninitialized>
         <run_address>0xc10917a8</run_address>
         <size>0x194</size>
         <input_file_ref idref="fl-c"/>
      </object_component>
      <object_component id="oc-114">
         <name>.bss</name>
         <uninitialized>true</uninitialized>
         <run_address>0xc1091c20</run_address>
         <size>0xc</size>
         <input_file_ref idref="fl-16c"/>
      </object_component>
      <object_component id="oc-287">
         <name>.bss:__TI_tmpnams</name>
         <uninitialized>true</uninitialized>
         <run_address>0xc1091b5c</run_address>
         <size>0xa0</size>
         <input_file_ref idref="fl-149"/>
      </object_component>
      <object_component id="oc-28d">
         <name>.bss:__CIOBUF_</name>
         <uninitialized>true</uninitialized>
         <run_address>0xc109193c</run_address>
         <size>0x120</size>
         <input_file_ref idref="fl-15c"/>
      </object_component>
      <object_component id="oc-b4">
         <name>.common:evtRcvd</name>
         <uninitialized>true</uninitialized>
         <run_address>0xc1091c34</run_address>
         <size>0x4</size>
      </object_component>
      <object_component id="oc-b2">
         <name>.common:myPayload</name>
         <uninitialized>true</uninitialized>
         <run_address>0xc1091c38</run_address>
         <size>0x4</size>
      </object_component>
      <object_component id="oc-277">
         <name>.common:parmbuf</name>
         <uninitialized>true</uninitialized>
         <run_address>0xc1091c2c</run_address>
         <size>0x8</size>
      </object_component>
      <object_component id="oc-201">
         <name>.const:.string:_ctypes_</name>
         <load_address>0xc1091e2c</load_address>
         <run_address>0xc1091e2c</run_address>
         <size>0x104</size>
         <input_file_ref idref="fl-148"/>
      </object_component>
      <object_component id="oc-63">
         <name>.const:vecTbl</name>
         <load_address>0xc1091f30</load_address>
         <run_address>0xc1091f30</run_address>
         <size>0x38</size>
         <input_file_ref idref="fl-f"/>
      </object_component>
      <object_component id="oc-b7">
         <name>.const</name>
         <load_address>0xc1091f68</load_address>
         <run_address>0xc1091f68</run_address>
         <size>0x14</size>
         <input_file_ref idref="fl-2"/>
      </object_component>
      <object_component id="oc-2ba">
         <name>.cinit..data.load</name>
         <load_address>0xc1091f80</load_address>
         <run_address>0xc1091f80</run_address>
         <size>0x7c</size>
      </object_component>
      <object_component id="oc-2b8">
         <name>__TI_handler_table</name>
         <load_address>0xc1091ffc</load_address>
         <run_address>0xc1091ffc</run_address>
         <size>0xc</size>
      </object_component>
      <object_component id="oc-2bb">
         <name>.cinit..bss.load</name>
         <load_address>0xc1092008</load_address>
         <run_address>0xc1092008</run_address>
         <size>0x8</size>
      </object_component>
      <object_component id="oc-2bc">
         <name>.cinit.ipc_arm.load</name>
         <load_address>0xc1092010</load_address>
         <run_address>0xc1092010</run_address>
         <size>0x8</size>
      </object_component>
      <object_component id="oc-2bd">
         <name>.cinit.ipc_dsp.load</name>
         <load_address>0xc1092018</load_address>
         <run_address>0xc1092018</run_address>
         <size>0x8</size>
      </object_component>
      <object_component id="oc-2b9">
         <name>__TI_cinit_table</name>
         <load_address>0xc1092020</load_address>
         <run_address>0xc1092020</run_address>
         <size>0x20</size>
      </object_component>
      <object_component id="oc-21">
         <name>.sysmem</name>
         <uninitialized>true</uninitialized>
         <run_address>0xc108f7a8</run_address>
         <size>0x8</size>
         <input_file_ref idref="fl-168"/>
      </object_component>
      <object_component id="oc-2bf">
         <name>.sysmem</name>
         <uninitialized>true</uninitialized>
         <run_address>0xc108f7a8</run_address>
         <size>0x0</size>
      </object_component>
      <object_component id="oc-20">
         <name>.stack</name>
         <uninitialized>true</uninitialized>
         <run_address>0xc108009c</run_address>
         <size>0x0</size>
         <input_file_ref idref="fl-13b"/>
      </object_component>
      <object_component id="oc-2be">
         <name>.stack</name>
         <uninitialized>true</uninitialized>
         <run_address>0xc108009c</run_address>
         <size>0x0</size>
      </object_component>
      <object_component id="oc-b5">
         <name>ipc_arm</name>
         <uninitialized>true</uninitialized>
         <run_address>0x80000000</run_address>
         <size>0x10</size>
         <input_file_ref idref="fl-2"/>
      </object_component>
      <object_component id="oc-121">
         <name>ipc_dsp</name>
         <uninitialized>true</uninitialized>
         <run_address>0x80000010</run_address>
         <size>0x10</size>
         <input_file_ref idref="fl-2"/>
      </object_component>
      <object_component id="oc-e">
         <name>.debug_info</name>
         <load_address>0x0</load_address>
         <run_address>0x0</run_address>
         <size>0x1c9</size>
         <input_file_ref idref="fl-d"/>
      </object_component>
      <object_component id="oc-12">
         <name>.debug_info</name>
         <load_address>0x1c9</load_address>
         <run_address>0x1c9</run_address>
         <size>0x194</size>
         <input_file_ref idref="fl-13c"/>
      </object_component>
      <object_component id="oc-17">
         <name>.debug_info</name>
         <load_address>0x35d</load_address>
         <run_address>0x35d</run_address>
         <size>0x16a</size>
         <input_file_ref idref="fl-13e"/>
      </object_component>
      <object_component id="oc-1c">
         <name>.debug_info</name>
         <load_address>0x4c7</load_address>
         <run_address>0x4c7</run_address>
         <size>0x18e</size>
         <input_file_ref idref="fl-13d"/>
      </object_component>
      <object_component id="oc-22">
         <name>.debug_info</name>
         <load_address>0x655</load_address>
         <run_address>0x655</run_address>
         <size>0xb6</size>
         <input_file_ref idref="fl-168"/>
      </object_component>
      <object_component id="oc-25">
         <name>.debug_info</name>
         <load_address>0x70b</load_address>
         <run_address>0x70b</run_address>
         <size>0x140</size>
         <input_file_ref idref="fl-13a"/>
      </object_component>
      <object_component id="oc-28">
         <name>.debug_info</name>
         <load_address>0x84b</load_address>
         <run_address>0x84b</run_address>
         <size>0x556</size>
         <input_file_ref idref="fl-f"/>
      </object_component>
      <object_component id="oc-2e">
         <name>.debug_info</name>
         <load_address>0xda1</load_address>
         <run_address>0xda1</run_address>
         <size>0x137</size>
         <input_file_ref idref="fl-141"/>
      </object_component>
      <object_component id="oc-32">
         <name>.debug_info</name>
         <load_address>0xed8</load_address>
         <run_address>0xed8</run_address>
         <size>0x46</size>
         <input_file_ref idref="fl-13c"/>
      </object_component>
      <object_component id="oc-37">
         <name>.debug_info</name>
         <load_address>0xf1e</load_address>
         <run_address>0xf1e</run_address>
         <size>0xf2</size>
         <input_file_ref idref="fl-13c"/>
      </object_component>
      <object_component id="oc-39">
         <name>.debug_info</name>
         <load_address>0x1010</load_address>
         <run_address>0x1010</run_address>
         <size>0x46</size>
         <input_file_ref idref="fl-13e"/>
      </object_component>
      <object_component id="oc-3e">
         <name>.debug_info</name>
         <load_address>0x1056</load_address>
         <run_address>0x1056</run_address>
         <size>0xad</size>
         <input_file_ref idref="fl-13e"/>
      </object_component>
      <object_component id="oc-40">
         <name>.debug_info</name>
         <load_address>0x1103</load_address>
         <run_address>0x1103</run_address>
         <size>0x1ef</size>
         <input_file_ref idref="fl-13d"/>
      </object_component>
      <object_component id="oc-45">
         <name>.debug_info</name>
         <load_address>0x12f2</load_address>
         <run_address>0x12f2</run_address>
         <size>0xb7</size>
         <input_file_ref idref="fl-13d"/>
      </object_component>
      <object_component id="oc-46">
         <name>.debug_info</name>
         <load_address>0x13a9</load_address>
         <run_address>0x13a9</run_address>
         <size>0x39</size>
         <input_file_ref idref="fl-13d"/>
      </object_component>
      <object_component id="oc-4d">
         <name>.debug_info</name>
         <load_address>0x13e2</load_address>
         <run_address>0x13e2</run_address>
         <size>0x1d7</size>
         <input_file_ref idref="fl-168"/>
      </object_component>
      <object_component id="oc-4f">
         <name>.debug_info</name>
         <load_address>0x15b9</load_address>
         <run_address>0x15b9</run_address>
         <size>0x14b</size>
         <input_file_ref idref="fl-13f"/>
      </object_component>
      <object_component id="oc-58">
         <name>.debug_info</name>
         <load_address>0x1704</load_address>
         <run_address>0x1704</run_address>
         <size>0x32c</size>
         <input_file_ref idref="fl-170"/>
      </object_component>
      <object_component id="oc-5a">
         <name>.debug_info</name>
         <load_address>0x1a30</load_address>
         <run_address>0x1a30</run_address>
         <size>0x4ef</size>
         <input_file_ref idref="fl-16e"/>
      </object_component>
      <object_component id="oc-5f">
         <name>.debug_info</name>
         <load_address>0x1f1f</load_address>
         <run_address>0x1f1f</run_address>
         <size>0x25ab</size>
         <input_file_ref idref="fl-2"/>
      </object_component>
      <object_component id="oc-64">
         <name>.debug_info</name>
         <load_address>0x44ca</load_address>
         <run_address>0x44ca</run_address>
         <size>0x154</size>
         <input_file_ref idref="fl-f"/>
      </object_component>
      <object_component id="oc-66">
         <name>.debug_info</name>
         <load_address>0x461e</load_address>
         <run_address>0x461e</run_address>
         <size>0x84</size>
         <input_file_ref idref="fl-e"/>
      </object_component>
      <object_component id="oc-6b">
         <name>.debug_info</name>
         <load_address>0x46a2</load_address>
         <run_address>0x46a2</run_address>
         <size>0x2b8</size>
         <input_file_ref idref="fl-f"/>
      </object_component>
      <object_component id="oc-6d">
         <name>.debug_info</name>
         <load_address>0x495a</load_address>
         <run_address>0x495a</run_address>
         <size>0x2c</size>
         <input_file_ref idref="fl-13c"/>
      </object_component>
      <object_component id="oc-74">
         <name>.debug_info</name>
         <load_address>0x4986</load_address>
         <run_address>0x4986</run_address>
         <size>0x84</size>
         <input_file_ref idref="fl-2"/>
      </object_component>
      <object_component id="oc-79">
         <name>.debug_info</name>
         <load_address>0x4a0a</load_address>
         <run_address>0x4a0a</run_address>
         <size>0x2c</size>
         <input_file_ref idref="fl-13e"/>
      </object_component>
      <object_component id="oc-85">
         <name>.debug_info</name>
         <load_address>0x4a36</load_address>
         <run_address>0x4a36</run_address>
         <size>0x2c</size>
         <input_file_ref idref="fl-167"/>
      </object_component>
      <object_component id="oc-8a">
         <name>.debug_info</name>
         <load_address>0x4a62</load_address>
         <run_address>0x4a62</run_address>
         <size>0x62</size>
         <input_file_ref idref="fl-168"/>
      </object_component>
      <object_component id="oc-90">
         <name>.debug_info</name>
         <load_address>0x4ac4</load_address>
         <run_address>0x4ac4</run_address>
         <size>0x148</size>
         <input_file_ref idref="fl-13f"/>
      </object_component>
      <object_component id="oc-93">
         <name>.debug_info</name>
         <load_address>0x4c0c</load_address>
         <run_address>0x4c0c</run_address>
         <size>0x89</size>
         <input_file_ref idref="fl-16e"/>
      </object_component>
      <object_component id="oc-98">
         <name>.debug_info</name>
         <load_address>0x4c95</load_address>
         <run_address>0x4c95</run_address>
         <size>0x124</size>
         <input_file_ref idref="fl-16e"/>
      </object_component>
      <object_component id="oc-9a">
         <name>.debug_info</name>
         <load_address>0x4db9</load_address>
         <run_address>0x4db9</run_address>
         <size>0x26d</size>
         <input_file_ref idref="fl-142"/>
      </object_component>
      <object_component id="oc-9f">
         <name>.debug_info</name>
         <load_address>0x5026</load_address>
         <run_address>0x5026</run_address>
         <size>0x11af</size>
         <input_file_ref idref="fl-16f"/>
      </object_component>
      <object_component id="oc-a4">
         <name>.debug_info</name>
         <load_address>0x61d5</load_address>
         <run_address>0x61d5</run_address>
         <size>0x1ad8</size>
         <input_file_ref idref="fl-16b"/>
      </object_component>
      <object_component id="oc-a9">
         <name>.debug_info</name>
         <load_address>0x7cad</load_address>
         <run_address>0x7cad</run_address>
         <size>0x1f55</size>
         <input_file_ref idref="fl-c"/>
      </object_component>
      <object_component id="oc-ae">
         <name>.debug_info</name>
         <load_address>0x9c02</load_address>
         <run_address>0x9c02</run_address>
         <size>0x39c</size>
         <input_file_ref idref="fl-16c"/>
      </object_component>
      <object_component id="oc-b3">
         <name>.debug_info</name>
         <load_address>0x9f9e</load_address>
         <run_address>0x9f9e</run_address>
         <size>0x479</size>
         <input_file_ref idref="fl-2"/>
      </object_component>
      <object_component id="oc-b6">
         <name>.debug_info</name>
         <load_address>0xa417</load_address>
         <run_address>0xa417</run_address>
         <size>0x14a</size>
         <input_file_ref idref="fl-2"/>
      </object_component>
      <object_component id="oc-b8">
         <name>.debug_info</name>
         <load_address>0xa561</load_address>
         <run_address>0xa561</run_address>
         <size>0x141</size>
         <input_file_ref idref="fl-2"/>
      </object_component>
      <object_component id="oc-ba">
         <name>.debug_info</name>
         <load_address>0xa6a2</load_address>
         <run_address>0xa6a2</run_address>
         <size>0x1ca</size>
         <input_file_ref idref="fl-2"/>
      </object_component>
      <object_component id="oc-c1">
         <name>.debug_info</name>
         <load_address>0xa86c</load_address>
         <run_address>0xa86c</run_address>
         <size>0x1f2</size>
         <input_file_ref idref="fl-10"/>
      </object_component>
      <object_component id="oc-c9">
         <name>.debug_info</name>
         <load_address>0xaa5e</load_address>
         <run_address>0xaa5e</run_address>
         <size>0xcd</size>
         <input_file_ref idref="fl-13f"/>
      </object_component>
      <object_component id="oc-d1">
         <name>.debug_info</name>
         <load_address>0xab2b</load_address>
         <run_address>0xab2b</run_address>
         <size>0x28d</size>
         <input_file_ref idref="fl-14f"/>
      </object_component>
      <object_component id="oc-d6">
         <name>.debug_info</name>
         <load_address>0xadb8</load_address>
         <run_address>0xadb8</run_address>
         <size>0x318</size>
         <input_file_ref idref="fl-150"/>
      </object_component>
      <object_component id="oc-db">
         <name>.debug_info</name>
         <load_address>0xb0d0</load_address>
         <run_address>0xb0d0</run_address>
         <size>0x1294</size>
         <input_file_ref idref="fl-145"/>
      </object_component>
      <object_component id="oc-e0">
         <name>.debug_info</name>
         <load_address>0xc364</load_address>
         <run_address>0xc364</run_address>
         <size>0xc8</size>
         <input_file_ref idref="fl-144"/>
      </object_component>
      <object_component id="oc-e2">
         <name>.debug_info</name>
         <load_address>0xc42c</load_address>
         <run_address>0xc42c</run_address>
         <size>0xac</size>
         <input_file_ref idref="fl-149"/>
      </object_component>
      <object_component id="oc-e4">
         <name>.debug_info</name>
         <load_address>0xc4d8</load_address>
         <run_address>0xc4d8</run_address>
         <size>0x1eb</size>
         <input_file_ref idref="fl-142"/>
      </object_component>
      <object_component id="oc-e5">
         <name>.debug_info</name>
         <load_address>0xc6c3</load_address>
         <run_address>0xc6c3</run_address>
         <size>0x4e</size>
         <input_file_ref idref="fl-2"/>
      </object_component>
      <object_component id="oc-ee">
         <name>.debug_info</name>
         <load_address>0xc711</load_address>
         <run_address>0xc711</run_address>
         <size>0xa50</size>
         <input_file_ref idref="fl-16d"/>
      </object_component>
      <object_component id="oc-f1">
         <name>.debug_info</name>
         <load_address>0xd161</load_address>
         <run_address>0xd161</run_address>
         <size>0x144</size>
         <input_file_ref idref="fl-16b"/>
      </object_component>
      <object_component id="oc-f3">
         <name>.debug_info</name>
         <load_address>0xd2a5</load_address>
         <run_address>0xd2a5</run_address>
         <size>0x13a</size>
         <input_file_ref idref="fl-16b"/>
      </object_component>
      <object_component id="oc-f5">
         <name>.debug_info</name>
         <load_address>0xd3df</load_address>
         <run_address>0xd3df</run_address>
         <size>0x1ca</size>
         <input_file_ref idref="fl-16b"/>
      </object_component>
      <object_component id="oc-fa">
         <name>.debug_info</name>
         <load_address>0xd5a9</load_address>
         <run_address>0xd5a9</run_address>
         <size>0x90</size>
         <input_file_ref idref="fl-16b"/>
      </object_component>
      <object_component id="oc-ff">
         <name>.debug_info</name>
         <load_address>0xd639</load_address>
         <run_address>0xd639</run_address>
         <size>0x273</size>
         <input_file_ref idref="fl-16b"/>
      </object_component>
      <object_component id="oc-100">
         <name>.debug_info</name>
         <load_address>0xd8ac</load_address>
         <run_address>0xd8ac</run_address>
         <size>0x2c</size>
         <input_file_ref idref="fl-16b"/>
      </object_component>
      <object_component id="oc-106">
         <name>.debug_info</name>
         <load_address>0xd8d8</load_address>
         <run_address>0xd8d8</run_address>
         <size>0x78e</size>
         <input_file_ref idref="fl-e"/>
      </object_component>
      <object_component id="oc-10c">
         <name>.debug_info</name>
         <load_address>0xe066</load_address>
         <run_address>0xe066</run_address>
         <size>0x162</size>
         <input_file_ref idref="fl-c"/>
      </object_component>
      <object_component id="oc-10e">
         <name>.debug_info</name>
         <load_address>0xe1c8</load_address>
         <run_address>0xe1c8</run_address>
         <size>0x89</size>
         <input_file_ref idref="fl-c"/>
      </object_component>
      <object_component id="oc-113">
         <name>.debug_info</name>
         <load_address>0xe251</load_address>
         <run_address>0xe251</run_address>
         <size>0x1d8</size>
         <input_file_ref idref="fl-c"/>
      </object_component>
      <object_component id="oc-115">
         <name>.debug_info</name>
         <load_address>0xe429</load_address>
         <run_address>0xe429</run_address>
         <size>0x141</size>
         <input_file_ref idref="fl-16c"/>
      </object_component>
      <object_component id="oc-117">
         <name>.debug_info</name>
         <load_address>0xe56a</load_address>
         <run_address>0xe56a</run_address>
         <size>0x252</size>
         <input_file_ref idref="fl-16c"/>
      </object_component>
      <object_component id="oc-11a">
         <name>.debug_info</name>
         <load_address>0xe7bc</load_address>
         <run_address>0xe7bc</run_address>
         <size>0x2c</size>
         <input_file_ref idref="fl-2"/>
      </object_component>
      <object_component id="oc-122">
         <name>.debug_info</name>
         <load_address>0xe7e8</load_address>
         <run_address>0xe7e8</run_address>
         <size>0x14a</size>
         <input_file_ref idref="fl-2"/>
      </object_component>
      <object_component id="oc-127">
         <name>.debug_info</name>
         <load_address>0xe932</load_address>
         <run_address>0xe932</run_address>
         <size>0x1e5</size>
         <input_file_ref idref="fl-161"/>
      </object_component>
      <object_component id="oc-12c">
         <name>.debug_info</name>
         <load_address>0xeb17</load_address>
         <run_address>0xeb17</run_address>
         <size>0x20f</size>
         <input_file_ref idref="fl-162"/>
      </object_component>
      <object_component id="oc-131">
         <name>.debug_info</name>
         <load_address>0xed26</load_address>
         <run_address>0xed26</run_address>
         <size>0xb71</size>
         <input_file_ref idref="fl-152"/>
      </object_component>
      <object_component id="oc-136">
         <name>.debug_info</name>
         <load_address>0xf897</load_address>
         <run_address>0xf897</run_address>
         <size>0x193</size>
         <input_file_ref idref="fl-14f"/>
      </object_component>
      <object_component id="oc-138">
         <name>.debug_info</name>
         <load_address>0xfa2a</load_address>
         <run_address>0xfa2a</run_address>
         <size>0x153</size>
         <input_file_ref idref="fl-159"/>
      </object_component>
      <object_component id="oc-13d">
         <name>.debug_info</name>
         <load_address>0xfb7d</load_address>
         <run_address>0xfb7d</run_address>
         <size>0x16b</size>
         <input_file_ref idref="fl-155"/>
      </object_component>
      <object_component id="oc-142">
         <name>.debug_info</name>
         <load_address>0xfce8</load_address>
         <run_address>0xfce8</run_address>
         <size>0x224</size>
         <input_file_ref idref="fl-150"/>
      </object_component>
      <object_component id="oc-144">
         <name>.debug_info</name>
         <load_address>0xff0c</load_address>
         <run_address>0xff0c</run_address>
         <size>0x13f</size>
         <input_file_ref idref="fl-15e"/>
      </object_component>
      <object_component id="oc-148">
         <name>.debug_info</name>
         <load_address>0x1004b</load_address>
         <run_address>0x1004b</run_address>
         <size>0x13d</size>
         <input_file_ref idref="fl-15d"/>
      </object_component>
      <object_component id="oc-14c">
         <name>.debug_info</name>
         <load_address>0x10188</load_address>
         <run_address>0x10188</run_address>
         <size>0xdd</size>
         <input_file_ref idref="fl-14b"/>
      </object_component>
      <object_component id="oc-150">
         <name>.debug_info</name>
         <load_address>0x10265</load_address>
         <run_address>0x10265</run_address>
         <size>0xfb</size>
         <input_file_ref idref="fl-14d"/>
      </object_component>
      <object_component id="oc-154">
         <name>.debug_info</name>
         <load_address>0x10360</load_address>
         <run_address>0x10360</run_address>
         <size>0xfb</size>
         <input_file_ref idref="fl-14c"/>
      </object_component>
      <object_component id="oc-158">
         <name>.debug_info</name>
         <load_address>0x1045b</load_address>
         <run_address>0x1045b</run_address>
         <size>0xdf</size>
         <input_file_ref idref="fl-14b"/>
      </object_component>
      <object_component id="oc-15c">
         <name>.debug_info</name>
         <load_address>0x1053a</load_address>
         <run_address>0x1053a</run_address>
         <size>0xe9</size>
         <input_file_ref idref="fl-14e"/>
      </object_component>
      <object_component id="oc-162">
         <name>.debug_info</name>
         <load_address>0x10623</load_address>
         <run_address>0x10623</run_address>
         <size>0x18f</size>
         <input_file_ref idref="fl-153"/>
      </object_component>
      <object_component id="oc-165">
         <name>.debug_info</name>
         <load_address>0x107b2</load_address>
         <run_address>0x107b2</run_address>
         <size>0xde</size>
         <input_file_ref idref="fl-151"/>
      </object_component>
      <object_component id="oc-16a">
         <name>.debug_info</name>
         <load_address>0x10890</load_address>
         <run_address>0x10890</run_address>
         <size>0x116</size>
         <input_file_ref idref="fl-14a"/>
      </object_component>
      <object_component id="oc-16e">
         <name>.debug_info</name>
         <load_address>0x109a6</load_address>
         <run_address>0x109a6</run_address>
         <size>0x101</size>
         <input_file_ref idref="fl-156"/>
      </object_component>
      <object_component id="oc-171">
         <name>.debug_info</name>
         <load_address>0x10aa7</load_address>
         <run_address>0x10aa7</run_address>
         <size>0x110</size>
         <input_file_ref idref="fl-15f"/>
      </object_component>
      <object_component id="oc-176">
         <name>.debug_info</name>
         <load_address>0x10bb7</load_address>
         <run_address>0x10bb7</run_address>
         <size>0x160</size>
         <input_file_ref idref="fl-154"/>
      </object_component>
      <object_component id="oc-17b">
         <name>.debug_info</name>
         <load_address>0x10d17</load_address>
         <run_address>0x10d17</run_address>
         <size>0x126</size>
         <input_file_ref idref="fl-147"/>
      </object_component>
      <object_component id="oc-180">
         <name>.debug_info</name>
         <load_address>0x10e3d</load_address>
         <run_address>0x10e3d</run_address>
         <size>0x26b</size>
         <input_file_ref idref="fl-145"/>
      </object_component>
      <object_component id="oc-181">
         <name>.debug_info</name>
         <load_address>0x110a8</load_address>
         <run_address>0x110a8</run_address>
         <size>0x86</size>
         <input_file_ref idref="fl-145"/>
      </object_component>
      <object_component id="oc-186">
         <name>.debug_info</name>
         <load_address>0x1112e</load_address>
         <run_address>0x1112e</run_address>
         <size>0x39</size>
         <input_file_ref idref="fl-145"/>
      </object_component>
      <object_component id="oc-18c">
         <name>.debug_info</name>
         <load_address>0x11167</load_address>
         <run_address>0x11167</run_address>
         <size>0x1d4</size>
         <input_file_ref idref="fl-144"/>
      </object_component>
      <object_component id="oc-192">
         <name>.debug_info</name>
         <load_address>0x1133b</load_address>
         <run_address>0x1133b</run_address>
         <size>0xd9</size>
         <input_file_ref idref="fl-144"/>
      </object_component>
      <object_component id="oc-195">
         <name>.debug_info</name>
         <load_address>0x11414</load_address>
         <run_address>0x11414</run_address>
         <size>0xc5</size>
         <input_file_ref idref="fl-149"/>
      </object_component>
      <object_component id="oc-198">
         <name>.debug_info</name>
         <load_address>0x114d9</load_address>
         <run_address>0x114d9</run_address>
         <size>0xae</size>
         <input_file_ref idref="fl-142"/>
      </object_component>
      <object_component id="oc-1a0">
         <name>.debug_info</name>
         <load_address>0x11587</load_address>
         <run_address>0x11587</run_address>
         <size>0x19c</size>
         <input_file_ref idref="fl-16b"/>
      </object_component>
      <object_component id="oc-1a9">
         <name>.debug_info</name>
         <load_address>0x11723</load_address>
         <run_address>0x11723</run_address>
         <size>0x7d</size>
         <input_file_ref idref="fl-16b"/>
      </object_component>
      <object_component id="oc-1ba">
         <name>.debug_info</name>
         <load_address>0x117a0</load_address>
         <run_address>0x117a0</run_address>
         <size>0x196</size>
         <input_file_ref idref="fl-163"/>
      </object_component>
      <object_component id="oc-1bf">
         <name>.debug_info</name>
         <load_address>0x11936</load_address>
         <run_address>0x11936</run_address>
         <size>0x1b5</size>
         <input_file_ref idref="fl-165"/>
      </object_component>
      <object_component id="oc-1c4">
         <name>.debug_info</name>
         <load_address>0x11aeb</load_address>
         <run_address>0x11aeb</run_address>
         <size>0x106</size>
         <input_file_ref idref="fl-161"/>
      </object_component>
      <object_component id="oc-1c6">
         <name>.debug_info</name>
         <load_address>0x11bf1</load_address>
         <run_address>0x11bf1</run_address>
         <size>0x139</size>
         <input_file_ref idref="fl-149"/>
      </object_component>
      <object_component id="oc-1c8">
         <name>.debug_info</name>
         <load_address>0x11d2a</load_address>
         <run_address>0x11d2a</run_address>
         <size>0x157</size>
         <input_file_ref idref="fl-162"/>
      </object_component>
      <object_component id="oc-1ca">
         <name>.debug_info</name>
         <load_address>0x11e81</load_address>
         <run_address>0x11e81</run_address>
         <size>0x17e</size>
         <input_file_ref idref="fl-158"/>
      </object_component>
      <object_component id="oc-1cf">
         <name>.debug_info</name>
         <load_address>0x11fff</load_address>
         <run_address>0x11fff</run_address>
         <size>0x16d</size>
         <input_file_ref idref="fl-157"/>
      </object_component>
      <object_component id="oc-1d4">
         <name>.debug_info</name>
         <load_address>0x1216c</load_address>
         <run_address>0x1216c</run_address>
         <size>0x182</size>
         <input_file_ref idref="fl-15a"/>
      </object_component>
      <object_component id="oc-1d9">
         <name>.debug_info</name>
         <load_address>0x122ee</load_address>
         <run_address>0x122ee</run_address>
         <size>0xcb</size>
         <input_file_ref idref="fl-152"/>
      </object_component>
      <object_component id="oc-1db">
         <name>.debug_info</name>
         <load_address>0x123b9</load_address>
         <run_address>0x123b9</run_address>
         <size>0x45a</size>
         <input_file_ref idref="fl-152"/>
      </object_component>
      <object_component id="oc-1dc">
         <name>.debug_info</name>
         <load_address>0x12813</load_address>
         <run_address>0x12813</run_address>
         <size>0x2c</size>
         <input_file_ref idref="fl-152"/>
      </object_component>
      <object_component id="oc-1e4">
         <name>.debug_info</name>
         <load_address>0x1283f</load_address>
         <run_address>0x1283f</run_address>
         <size>0x9f</size>
         <input_file_ref idref="fl-159"/>
      </object_component>
      <object_component id="oc-1e6">
         <name>.debug_info</name>
         <load_address>0x128de</load_address>
         <run_address>0x128de</run_address>
         <size>0xb5</size>
         <input_file_ref idref="fl-155"/>
      </object_component>
      <object_component id="oc-1f1">
         <name>.debug_info</name>
         <load_address>0x12993</load_address>
         <run_address>0x12993</run_address>
         <size>0x13b</size>
         <input_file_ref idref="fl-164"/>
      </object_component>
      <object_component id="oc-1f5">
         <name>.debug_info</name>
         <load_address>0x12ace</load_address>
         <run_address>0x12ace</run_address>
         <size>0x101</size>
         <input_file_ref idref="fl-153"/>
      </object_component>
      <object_component id="oc-1fa">
         <name>.debug_info</name>
         <load_address>0x12bcf</load_address>
         <run_address>0x12bcf</run_address>
         <size>0x10f</size>
         <input_file_ref idref="fl-160"/>
      </object_component>
      <object_component id="oc-200">
         <name>.debug_info</name>
         <load_address>0x12cde</load_address>
         <run_address>0x12cde</run_address>
         <size>0xa6</size>
         <input_file_ref idref="fl-154"/>
      </object_component>
      <object_component id="oc-202">
         <name>.debug_info</name>
         <load_address>0x12d84</load_address>
         <run_address>0x12d84</run_address>
         <size>0xaf</size>
         <input_file_ref idref="fl-148"/>
      </object_component>
      <object_component id="oc-204">
         <name>.debug_info</name>
         <load_address>0x12e33</load_address>
         <run_address>0x12e33</run_address>
         <size>0xc5</size>
         <input_file_ref idref="fl-147"/>
      </object_component>
      <object_component id="oc-207">
         <name>.debug_info</name>
         <load_address>0x12ef8</load_address>
         <run_address>0x12ef8</run_address>
         <size>0x2c</size>
         <input_file_ref idref="fl-145"/>
      </object_component>
      <object_component id="oc-20c">
         <name>.debug_info</name>
         <load_address>0x12f24</load_address>
         <run_address>0x12f24</run_address>
         <size>0x46</size>
         <input_file_ref idref="fl-145"/>
      </object_component>
      <object_component id="oc-217">
         <name>.debug_info</name>
         <load_address>0x12f6a</load_address>
         <run_address>0x12f6a</run_address>
         <size>0x134</size>
         <input_file_ref idref="fl-163"/>
      </object_component>
      <object_component id="oc-219">
         <name>.debug_info</name>
         <load_address>0x1309e</load_address>
         <run_address>0x1309e</run_address>
         <size>0x855</size>
         <input_file_ref idref="fl-168"/>
      </object_component>
      <object_component id="oc-21e">
         <name>.debug_info</name>
         <load_address>0x138f3</load_address>
         <run_address>0x138f3</run_address>
         <size>0xeb</size>
         <input_file_ref idref="fl-140"/>
      </object_component>
      <object_component id="oc-220">
         <name>.debug_info</name>
         <load_address>0x139de</load_address>
         <run_address>0x139de</run_address>
         <size>0x40a</size>
         <input_file_ref idref="fl-167"/>
      </object_component>
      <object_component id="oc-225">
         <name>.debug_info</name>
         <load_address>0x13de8</load_address>
         <run_address>0x13de8</run_address>
         <size>0x175</size>
         <input_file_ref idref="fl-165"/>
      </object_component>
      <object_component id="oc-226">
         <name>.debug_info</name>
         <load_address>0x13f5d</load_address>
         <run_address>0x13f5d</run_address>
         <size>0xbb</size>
         <input_file_ref idref="fl-161"/>
      </object_component>
      <object_component id="oc-232">
         <name>.debug_info</name>
         <load_address>0x14018</load_address>
         <run_address>0x14018</run_address>
         <size>0x9a</size>
         <input_file_ref idref="fl-158"/>
      </object_component>
      <object_component id="oc-234">
         <name>.debug_info</name>
         <load_address>0x140b2</load_address>
         <run_address>0x140b2</run_address>
         <size>0xaa</size>
         <input_file_ref idref="fl-157"/>
      </object_component>
      <object_component id="oc-236">
         <name>.debug_info</name>
         <load_address>0x1415c</load_address>
         <run_address>0x1415c</run_address>
         <size>0xab</size>
         <input_file_ref idref="fl-15a"/>
      </object_component>
      <object_component id="oc-238">
         <name>.debug_info</name>
         <load_address>0x14207</load_address>
         <run_address>0x14207</run_address>
         <size>0x9e2</size>
         <input_file_ref idref="fl-15b"/>
      </object_component>
      <object_component id="oc-240">
         <name>.debug_info</name>
         <load_address>0x14be9</load_address>
         <run_address>0x14be9</run_address>
         <size>0x120</size>
         <input_file_ref idref="fl-152"/>
      </object_component>
      <object_component id="oc-24d">
         <name>.debug_info</name>
         <load_address>0x14d09</load_address>
         <run_address>0x14d09</run_address>
         <size>0x9a</size>
         <input_file_ref idref="fl-160"/>
      </object_component>
      <object_component id="oc-252">
         <name>.debug_info</name>
         <load_address>0x14da3</load_address>
         <run_address>0x14da3</run_address>
         <size>0xa3</size>
         <input_file_ref idref="fl-148"/>
      </object_component>
      <object_component id="oc-258">
         <name>.debug_info</name>
         <load_address>0x14e46</load_address>
         <run_address>0x14e46</run_address>
         <size>0x101</size>
         <input_file_ref idref="fl-168"/>
      </object_component>
      <object_component id="oc-25c">
         <name>.debug_info</name>
         <load_address>0x14f47</load_address>
         <run_address>0x14f47</run_address>
         <size>0x146</size>
         <input_file_ref idref="fl-140"/>
      </object_component>
      <object_component id="oc-25e">
         <name>.debug_info</name>
         <load_address>0x1508d</load_address>
         <run_address>0x1508d</run_address>
         <size>0x24d</size>
         <input_file_ref idref="fl-169"/>
      </object_component>
      <object_component id="oc-264">
         <name>.debug_info</name>
         <load_address>0x152da</load_address>
         <run_address>0x152da</run_address>
         <size>0x1f1</size>
         <input_file_ref idref="fl-167"/>
      </object_component>
      <object_component id="oc-271">
         <name>.debug_info</name>
         <load_address>0x154cb</load_address>
         <run_address>0x154cb</run_address>
         <size>0x236</size>
         <input_file_ref idref="fl-15c"/>
      </object_component>
      <object_component id="oc-274">
         <name>.debug_info</name>
         <load_address>0x15701</load_address>
         <run_address>0x15701</run_address>
         <size>0x169</size>
         <input_file_ref idref="fl-166"/>
      </object_component>
      <object_component id="oc-278">
         <name>.debug_info</name>
         <load_address>0x1586a</load_address>
         <run_address>0x1586a</run_address>
         <size>0x1ef</size>
         <input_file_ref idref="fl-15b"/>
      </object_component>
      <object_component id="oc-27a">
         <name>.debug_info</name>
         <load_address>0x15a59</load_address>
         <run_address>0x15a59</run_address>
         <size>0x39</size>
         <input_file_ref idref="fl-15b"/>
      </object_component>
      <object_component id="oc-288">
         <name>.debug_info</name>
         <load_address>0x15a92</load_address>
         <run_address>0x15a92</run_address>
         <size>0xb6</size>
         <input_file_ref idref="fl-149"/>
      </object_component>
      <object_component id="oc-28a">
         <name>.debug_info</name>
         <load_address>0x15b48</load_address>
         <run_address>0x15b48</run_address>
         <size>0x1b5</size>
         <input_file_ref idref="fl-169"/>
      </object_component>
      <object_component id="oc-28e">
         <name>.debug_info</name>
         <load_address>0x15cfd</load_address>
         <run_address>0x15cfd</run_address>
         <size>0xb2</size>
         <input_file_ref idref="fl-15c"/>
      </object_component>
      <object_component id="oc-290">
         <name>.debug_info</name>
         <load_address>0x15daf</load_address>
         <run_address>0x15daf</run_address>
         <size>0xca</size>
         <input_file_ref idref="fl-15c"/>
      </object_component>
      <object_component id="oc-292">
         <name>.debug_info</name>
         <load_address>0x15e79</load_address>
         <run_address>0x15e79</run_address>
         <size>0xaa</size>
         <input_file_ref idref="fl-166"/>
      </object_component>
      <object_component id="oc-2f7">
         <name>.debug_info</name>
         <load_address>0x15f23</load_address>
         <run_address>0x15f23</run_address>
         <size>0x115</size>
      </object_component>
      <object_component id="oc-f">
         <name>.debug_line</name>
         <load_address>0x0</load_address>
         <run_address>0x0</run_address>
         <size>0xab</size>
         <input_file_ref idref="fl-d"/>
      </object_component>
      <object_component id="oc-13">
         <name>.debug_line</name>
         <load_address>0xab</load_address>
         <run_address>0xab</run_address>
         <size>0x52</size>
         <input_file_ref idref="fl-13c"/>
      </object_component>
      <object_component id="oc-18">
         <name>.debug_line</name>
         <load_address>0xfd</load_address>
         <run_address>0xfd</run_address>
         <size>0x49</size>
         <input_file_ref idref="fl-13e"/>
      </object_component>
      <object_component id="oc-1d">
         <name>.debug_line</name>
         <load_address>0x146</load_address>
         <run_address>0x146</run_address>
         <size>0x4b</size>
         <input_file_ref idref="fl-13d"/>
      </object_component>
      <object_component id="oc-24">
         <name>.debug_line</name>
         <load_address>0x191</load_address>
         <run_address>0x191</run_address>
         <size>0x7d</size>
         <input_file_ref idref="fl-13a"/>
      </object_component>
      <object_component id="oc-29">
         <name>.debug_line</name>
         <load_address>0x20e</load_address>
         <run_address>0x20e</run_address>
         <size>0xcc</size>
         <input_file_ref idref="fl-f"/>
      </object_component>
      <object_component id="oc-2f">
         <name>.debug_line</name>
         <load_address>0x2da</load_address>
         <run_address>0x2da</run_address>
         <size>0x9a</size>
         <input_file_ref idref="fl-141"/>
      </object_component>
      <object_component id="oc-34">
         <name>.debug_line</name>
         <load_address>0x374</load_address>
         <run_address>0x374</run_address>
         <size>0x3a</size>
         <input_file_ref idref="fl-13c"/>
      </object_component>
      <object_component id="oc-3b">
         <name>.debug_line</name>
         <load_address>0x3ae</load_address>
         <run_address>0x3ae</run_address>
         <size>0x34</size>
         <input_file_ref idref="fl-13e"/>
      </object_component>
      <object_component id="oc-41">
         <name>.debug_line</name>
         <load_address>0x3e2</load_address>
         <run_address>0x3e2</run_address>
         <size>0x91</size>
         <input_file_ref idref="fl-13d"/>
      </object_component>
      <object_component id="oc-48">
         <name>.debug_line</name>
         <load_address>0x473</load_address>
         <run_address>0x473</run_address>
         <size>0x39</size>
         <input_file_ref idref="fl-13d"/>
      </object_component>
      <object_component id="oc-4c">
         <name>.debug_line</name>
         <load_address>0x4ac</load_address>
         <run_address>0x4ac</run_address>
         <size>0x2c</size>
         <input_file_ref idref="fl-168"/>
      </object_component>
      <object_component id="oc-50">
         <name>.debug_line</name>
         <load_address>0x4d8</load_address>
         <run_address>0x4d8</run_address>
         <size>0x68</size>
         <input_file_ref idref="fl-13f"/>
      </object_component>
      <object_component id="oc-57">
         <name>.debug_line</name>
         <load_address>0x540</load_address>
         <run_address>0x540</run_address>
         <size>0xad</size>
         <input_file_ref idref="fl-170"/>
      </object_component>
      <object_component id="oc-5b">
         <name>.debug_line</name>
         <load_address>0x5ed</load_address>
         <run_address>0x5ed</run_address>
         <size>0xbe</size>
         <input_file_ref idref="fl-16e"/>
      </object_component>
      <object_component id="oc-60">
         <name>.debug_line</name>
         <load_address>0x6ab</load_address>
         <run_address>0x6ab</run_address>
         <size>0x5b0</size>
         <input_file_ref idref="fl-2"/>
      </object_component>
      <object_component id="oc-68">
         <name>.debug_line</name>
         <load_address>0xc5b</load_address>
         <run_address>0xc5b</run_address>
         <size>0x20</size>
         <input_file_ref idref="fl-e"/>
      </object_component>
      <object_component id="oc-6f">
         <name>.debug_line</name>
         <load_address>0xc7b</load_address>
         <run_address>0xc7b</run_address>
         <size>0x44</size>
         <input_file_ref idref="fl-13c"/>
      </object_component>
      <object_component id="oc-73">
         <name>.debug_line</name>
         <load_address>0xcbf</load_address>
         <run_address>0xcbf</run_address>
         <size>0x20</size>
         <input_file_ref idref="fl-13c"/>
      </object_component>
      <object_component id="oc-76">
         <name>.debug_line</name>
         <load_address>0xcdf</load_address>
         <run_address>0xcdf</run_address>
         <size>0x20</size>
         <input_file_ref idref="fl-2"/>
      </object_component>
      <object_component id="oc-7b">
         <name>.debug_line</name>
         <load_address>0xcff</load_address>
         <run_address>0xcff</run_address>
         <size>0x44</size>
         <input_file_ref idref="fl-13e"/>
      </object_component>
      <object_component id="oc-7f">
         <name>.debug_line</name>
         <load_address>0xd43</load_address>
         <run_address>0xd43</run_address>
         <size>0x20</size>
         <input_file_ref idref="fl-13e"/>
      </object_component>
      <object_component id="oc-82">
         <name>.debug_line</name>
         <load_address>0xd63</load_address>
         <run_address>0xd63</run_address>
         <size>0x20</size>
         <input_file_ref idref="fl-13d"/>
      </object_component>
      <object_component id="oc-84">
         <name>.debug_line</name>
         <load_address>0xd83</load_address>
         <run_address>0xd83</run_address>
         <size>0x73</size>
         <input_file_ref idref="fl-168"/>
      </object_component>
      <object_component id="oc-87">
         <name>.debug_line</name>
         <load_address>0xdf6</load_address>
         <run_address>0xdf6</run_address>
         <size>0x44</size>
         <input_file_ref idref="fl-167"/>
      </object_component>
      <object_component id="oc-8c">
         <name>.debug_line</name>
         <load_address>0xe3a</load_address>
         <run_address>0xe3a</run_address>
         <size>0x2c</size>
         <input_file_ref idref="fl-168"/>
      </object_component>
      <object_component id="oc-95">
         <name>.debug_line</name>
         <load_address>0xe66</load_address>
         <run_address>0xe66</run_address>
         <size>0x20</size>
         <input_file_ref idref="fl-16e"/>
      </object_component>
      <object_component id="oc-9b">
         <name>.debug_line</name>
         <load_address>0xe86</load_address>
         <run_address>0xe86</run_address>
         <size>0x8f</size>
         <input_file_ref idref="fl-142"/>
      </object_component>
      <object_component id="oc-a0">
         <name>.debug_line</name>
         <load_address>0xf15</load_address>
         <run_address>0xf15</run_address>
         <size>0x227</size>
[...]
         <name>__aeabi_stdout</name>
         <value>0xc1091e04</value>
         <object_component_ref idref="oc-1c5"/>
      </symbol>
      <symbol id="sm-3c9">
         <name>__TI_tmpnams</name>
         <value>0xc1091b5c</value>
         <object_component_ref idref="oc-287"/>
      </symbol>
      <symbol id="sm-3ca">
         <name>__aeabi_stderr</name>
         <value>0xc1091e08</value>
         <object_component_ref idref="oc-1c5"/>
      </symbol>
      <symbol id="sm-3cb">
         <name>__aeabi_stdin</name>
         <value>0xc1091e00</value>
         <object_component_ref idref="oc-1c5"/>
      </symbol>
      <symbol id="sm-3cc">
         <name>_ftable</name>
         <value>0xc1091c3c</value>
         <object_component_ref idref="oc-e1"/>
      </symbol>
      <symbol id="sm-3cd">
         <name>__TI_ft_end</name>
         <value>0xc1091dfc</value>
         <object_component_ref idref="oc-1c5"/>
      </symbol>
      <symbol id="sm-3e3">
         <name>__aeabi_dsub</name>
         <value>0xc108d858</value>
         <object_component_ref idref="oc-168"/>
      </symbol>
      <symbol id="sm-3e4">
         <name>__aeabi_dadd</name>
         <value>0xc108d864</value>
         <object_component_ref idref="oc-168"/>
      </symbol>
      <symbol id="sm-404">
         <name>__aeabi_cdcmpeq</name>
         <value>0xc108eca0</value>
         <object_component_ref idref="oc-14b"/>
      </symbol>
      <symbol id="sm-405">
         <name>__aeabi_cdcmple</name>
         <value>0xc108eca0</value>
         <object_component_ref idref="oc-14b"/>
      </symbol>
      <symbol id="sm-406">
         <name>__aeabi_cdrcmple</name>
         <value>0xc108ed70</value>
         <object_component_ref idref="oc-157"/>
      </symbol>
      <symbol id="sm-419">
         <name>__aeabi_ddiv</name>
         <value>0xc108dc40</value>
         <object_component_ref idref="oc-153"/>
      </symbol>
      <symbol id="sm-423">
         <name>__aeabi_dmul</name>
         <value>0xc108e45c</value>
         <object_component_ref idref="oc-14f"/>
      </symbol>
      <symbol id="sm-42c">
         <name>__aeabi_d2iz</name>
         <value>0xc108f520</value>
         <object_component_ref idref="oc-15b"/>
      </symbol>
      <symbol id="sm-444">
         <name>putc</name>
         <value>0xc108e9c4</value>
         <object_component_ref idref="oc-d0"/>
      </symbol>
      <symbol id="sm-445">
         <name>fputc</name>
         <value>0xc108e8cc</value>
         <object_component_ref idref="oc-d0"/>
      </symbol>
      <symbol id="sm-446">
         <name>putchar</name>
         <value>0xc108e9c8</value>
         <object_component_ref idref="oc-d0"/>
      </symbol>
      <symbol id="sm-466">
         <name>puts</name>
         <value>0xc108dc08</value>
         <object_component_ref idref="oc-d5"/>
      </symbol>
      <symbol id="sm-467">
         <name>fputs</name>
         <value>0xc108da6c</value>
         <object_component_ref idref="oc-d5"/>
      </symbol>
      <symbol id="sm-470">
         <name>__aeabi_i2d</name>
         <value>0xc108f60c</value>
         <object_component_ref idref="oc-164"/>
      </symbol>
      <symbol id="sm-4bc">
         <name>open</name>
         <value>0xc108c724</value>
         <object_component_ref idref="oc-130"/>
      </symbol>
      <symbol id="sm-4bd">
         <name>add_device</name>
         <value>0xc108c914</value>
         <object_component_ref idref="oc-130"/>
      </symbol>
      <symbol id="sm-4be">
         <name>remove_device</name>
         <value>0xc108c694</value>
         <object_component_ref idref="oc-130"/>
      </symbol>
      <symbol id="sm-4bf">
         <name>lseek</name>
         <value>0xc108c83c</value>
         <object_component_ref idref="oc-130"/>
      </symbol>
      <symbol id="sm-4c0">
         <name>read</name>
         <value>0xc108c6e0</value>
         <object_component_ref idref="oc-130"/>
      </symbol>
      <symbol id="sm-4c1">
         <name>rename</name>
         <value>0xc108c628</value>
         <object_component_ref idref="oc-130"/>
      </symbol>
      <symbol id="sm-4c2">
         <name>write</name>
         <value>0xc108c4f0</value>
         <object_component_ref idref="oc-130"/>
      </symbol>
      <symbol id="sm-4c3">
         <name>close</name>
         <value>0xc108c880</value>
         <object_component_ref idref="oc-130"/>
      </symbol>
      <symbol id="sm-4c4">
         <name>unlink</name>
         <value>0xc108c5e8</value>
         <object_component_ref idref="oc-130"/>
      </symbol>
      <symbol id="sm-4d1">
         <name>ltoa</name>
         <value>0xc108f3c4</value>
         <object_component_ref idref="oc-15f"/>
      </symbol>
      <symbol id="sm-4df">
         <name>memccpy</name>
         <value>0xc108f674</value>
         <object_component_ref idref="oc-175"/>
      </symbol>
      <symbol id="sm-4ed">
         <name>memchr</name>
         <value>0xc108f648</value>
         <object_component_ref idref="oc-13c"/>
      </symbol>
      <symbol id="sm-4fb">
         <name>__aeabi_memset</name>
         <value>0xc108ee44</value>
         <object_component_ref idref="oc-16c"/>
      </symbol>
      <symbol id="sm-4fc">
         <name>memset</name>
         <value>0xc108ee50</value>
         <object_component_ref idref="oc-16c"/>
      </symbol>
      <symbol id="sm-4fd">
         <name>__aeabi_memset8</name>
         <value>0xc108ee44</value>
         <object_component_ref idref="oc-16c"/>
      </symbol>
      <symbol id="sm-4fe">
         <name>__aeabi_memset4</name>
         <value>0xc108ee44</value>
         <object_component_ref idref="oc-16c"/>
      </symbol>
      <symbol id="sm-4ff">
         <name>__aeabi_memclr8</name>
         <value>0xc108ee40</value>
         <object_component_ref idref="oc-16c"/>
      </symbol>
      <symbol id="sm-500">
         <name>__aeabi_memclr4</name>
         <value>0xc108ee40</value>
         <object_component_ref idref="oc-16c"/>
      </symbol>
      <symbol id="sm-501">
         <name>__aeabi_memclr</name>
         <value>0xc108ee40</value>
         <object_component_ref idref="oc-16c"/>
      </symbol>
      <symbol id="sm-50f">
         <name>strchr</name>
         <value>0xc108f69c</value>
         <object_component_ref idref="oc-1ce"/>
      </symbol>
      <symbol id="sm-51c">
         <name>strcmp</name>
         <value>0xc108f6c4</value>
         <object_component_ref idref="oc-1c9"/>
      </symbol>
      <symbol id="sm-529">
         <name>strlen</name>
         <value>0xc108f730</value>
         <object_component_ref idref="oc-137"/>
      </symbol>
      <symbol id="sm-537">
         <name>strncpy</name>
         <value>0xc108f5c4</value>
         <object_component_ref idref="oc-1d3"/>
      </symbol>
      <symbol id="sm-556">
         <name>HOSTgetenv</name>
         <value>0xc108cdcc</value>
         <object_component_ref idref="oc-237"/>
      </symbol>
      <symbol id="sm-557">
         <name>HOSTrename</name>
         <value>0xc108cb84</value>
         <object_component_ref idref="oc-237"/>
      </symbol>
      <symbol id="sm-558">
         <name>HOSTclose</name>
         <value>0xc108ce34</value>
         <object_component_ref idref="oc-237"/>
      </symbol>
      <symbol id="sm-559">
         <name>HOSTunlink</name>
         <value>0xc108cac0</value>
         <object_component_ref idref="oc-237"/>
      </symbol>
      <symbol id="sm-55a">
         <name>HOSTlseek</name>
         <value>0xc108cd2c</value>
         <object_component_ref idref="oc-237"/>
      </symbol>
      <symbol id="sm-55b">
         <name>HOSTopen</name>
         <value>0xc108cca0</value>
         <object_component_ref idref="oc-237"/>
      </symbol>
      <symbol id="sm-55c">
         <name>HOSTclock</name>
         <value>0xc108ce9c</value>
         <object_component_ref idref="oc-237"/>
      </symbol>
      <symbol id="sm-55d">
         <name>HOSTwrite</name>
         <value>0xc108ca3c</value>
         <object_component_ref idref="oc-237"/>
      </symbol>
      <symbol id="sm-55e">
         <name>HOSTread</name>
         <value>0xc108cc1c</value>
         <object_component_ref idref="oc-237"/>
      </symbol>
      <symbol id="sm-55f">
         <name>HOSTtime</name>
         <value>0xc108cb24</value>
         <object_component_ref idref="oc-237"/>
      </symbol>
      <symbol id="sm-577">
         <name>__TI_readmsg</name>
         <value>0xc108f098</value>
         <object_component_ref idref="oc-26d"/>
      </symbol>
      <symbol id="sm-578">
         <name>C$$IO$$</name>
         <value>0xc108f090</value>
         <object_component_ref idref="oc-26d"/>
      </symbol>
      <symbol id="sm-579">
         <name>__CIOBUF_</name>
         <value>0xc109193c</value>
         <object_component_ref idref="oc-28d"/>
      </symbol>
      <symbol id="sm-57a">
         <name>__TI_writemsg</name>
         <value>0xc108f048</value>
         <object_component_ref idref="oc-26d"/>
      </symbol>
      <symbol id="sm-58c">
         <name>__aeabi_uidivmod</name>
         <value>0xc108ead8</value>
         <object_component_ref idref="oc-147"/>
      </symbol>
      <symbol id="sm-5a7">
         <name>__aeabi_uldivmod</name>
         <value>0xc108d5a0</value>
         <object_component_ref idref="oc-143"/>
      </symbol>
      <symbol id="sm-5b0">
         <name>_Dclass</name>
         <value>0xc108f780</value>
         <object_component_ref idref="oc-170"/>
      </symbol>
      <symbol id="sm-5c3">
         <name>_Dtest</name>
         <value>0xc108f22c</value>
         <object_component_ref idref="oc-1f9"/>
      </symbol>
      <symbol id="sm-5de">
         <name>__TI_wrt_ok</name>
         <value>0xc108e69c</value>
         <object_component_ref idref="oc-126"/>
      </symbol>
      <symbol id="sm-5df">
         <name>__TI_rd_ok</name>
         <value>0xc108e73c</value>
         <object_component_ref idref="oc-126"/>
      </symbol>
      <symbol id="sm-5f8">
         <name>__TI_doflush</name>
         <value>0xc108e330</value>
         <object_component_ref idref="oc-12b"/>
      </symbol>
      <symbol id="sm-5f9">
         <name>fflush</name>
         <value>0xc108e3b4</value>
         <object_component_ref idref="oc-12b"/>
      </symbol>
      <symbol id="sm-60a">
         <name>fseek</name>
         <value>0xc108efa0</value>
         <object_component_ref idref="oc-1b9"/>
      </symbol>
      <symbol id="sm-61c">
         <name>__aeabi_idivmod</name>
         <value>0xc108e7b4</value>
         <object_component_ref idref="oc-1f0"/>
      </symbol>
      <symbol id="sm-636">
         <name>setvbuf</name>
         <value>0xc108e0a4</value>
         <object_component_ref idref="oc-1be"/>
      </symbol>
      <symbol id="sm-643">
         <name>strcpy</name>
         <value>0xc108f750</value>
         <object_component_ref idref="oc-272"/>
      </symbol>
      <symbol id="sm-678">
         <name>__TI_cleanup</name>
         <value>0xc108d400</value>
         <object_component_ref idref="oc-21f"/>
      </symbol>
      <symbol id="sm-679">
         <name>freopen</name>
         <value>0xc108d44c</value>
         <object_component_ref idref="oc-21f"/>
      </symbol>
      <symbol id="sm-67a">
         <name>fopen</name>
         <value>0xc108d498</value>
         <object_component_ref idref="oc-21f"/>
      </symbol>
      <symbol id="sm-6dd">
         <name>_sys_memory</name>
         <value>0xc108f7a8</value>
         <object_component_ref idref="oc-21"/>
      </symbol>
      <symbol id="sm-6de">
         <name>free</name>
         <value>0xc108c07c</value>
         <object_component_ref idref="oc-218"/>
      </symbol>
      <symbol id="sm-6df">
         <name>realloc</name>
         <value>0xc108c1d0</value>
         <object_component_ref idref="oc-218"/>
      </symbol>
      <symbol id="sm-6e0">
         <name>memalign</name>
         <value>0xc108c354</value>
         <object_component_ref idref="oc-218"/>
      </symbol>
      <symbol id="sm-6e1">
         <name>calloc</name>
         <value>0xc108c48c</value>
         <object_component_ref idref="oc-218"/>
      </symbol>
      <symbol id="sm-6e2">
         <name>malloc</name>
         <value>0xc108bfc8</value>
         <object_component_ref idref="oc-218"/>
      </symbol>
      <symbol id="sm-6e3">
         <name>minit</name>
         <value>0xc108bec8</value>
         <object_component_ref idref="oc-218"/>
      </symbol>
      <symbol id="sm-6f8">
         <name>__TI_closefile</name>
         <value>0xc108e9dc</value>
         <object_component_ref idref="oc-25d"/>
      </symbol>
      <symbol id="sm-6f9">
         <name>fclose</name>
         <value>0xc108ea88</value>
         <object_component_ref idref="oc-25d"/>
      </symbol>
      <symbol id="sm-788">
         <name>ipc_NotifySendInterrupt</name>
         <value>0xc108b464</value>
         <object_component_ref idref="oc-a3"/>
      </symbol>
      <symbol id="sm-789">
         <name>ipc_NotifySetup</name>
         <value>0xc108b630</value>
         <object_component_ref idref="oc-a3"/>
      </symbol>
      <symbol id="sm-78a">
         <name>ipc_NotifyIntInfo</name>
         <value>0xc108b614</value>
         <object_component_ref idref="oc-a3"/>
      </symbol>
      <symbol id="sm-78b">
         <name>Notify_waitEvent</name>
         <value>0xc108af74</value>
         <object_component_ref idref="oc-a3"/>
      </symbol>
      <symbol id="sm-78c">
         <name>ipc_InitSyncRemote</name>
         <value>0xc108b3e0</value>
         <object_component_ref idref="oc-a3"/>
      </symbol>
      <symbol id="sm-78d">
         <name>Notify_sendEvent</name>
         <value>0xc108b2cc</value>
         <object_component_ref idref="oc-a3"/>
      </symbol>
      <symbol id="sm-78e">
         <name>Notify_enableEvent</name>
         <value>0xc108b038</value>
         <object_component_ref idref="oc-a3"/>
      </symbol>
      <symbol id="sm-78f">
         <name>Notify_disableEvent</name>
         <value>0xc108afec</value>
         <object_component_ref idref="oc-a3"/>
      </symbol>
      <symbol id="sm-790">
         <name>Notify_start</name>
         <value>0xc108adc4</value>
         <object_component_ref idref="oc-a3"/>
      </symbol>
      <symbol id="sm-791">
         <name>Notify_registerEvent</name>
         <value>0xc108b084</value>
         <object_component_ref idref="oc-a3"/>
      </symbol>
      <symbol id="sm-792">
         <name>ipc_NotifyIsrAckEvent</name>
         <value>0xc108b4cc</value>
         <object_component_ref idref="oc-a3"/>
      </symbol>
      <symbol id="sm-793">
         <name>Notify_unregisterEvent</name>
         <value>0xc108b19c</value>
         <object_component_ref idref="oc-a3"/>
      </symbol>
      <symbol id="sm-794">
         <name>Notify_disable</name>
         <value>0xc108ae20</value>
         <object_component_ref idref="oc-a3"/>
      </symbol>
      <symbol id="sm-795">
         <name>ipc_NotifySyncRemote</name>
         <value>0xc108b418</value>
         <object_component_ref idref="oc-a3"/>
      </symbol>
      <symbol id="sm-796">
         <name>ipc_quickWait</name>
         <value>0xc108b3c0</value>
         <object_component_ref idref="oc-a3"/>
      </symbol>
      <symbol id="sm-797">
         <name>Notify_restore</name>
         <value>0xc108aec8</value>
         <object_component_ref idref="oc-a3"/>
      </symbol>
      <symbol id="sm-7b5">
         <name>IPC_intRegister</name>
         <value>0xc108e2f0</value>
         <object_component_ref idref="oc-ad"/>
      </symbol>
      <symbol id="sm-7b6">
         <name>IPC_init</name>
         <value>0xc108e1f8</value>
         <object_component_ref idref="oc-ad"/>
      </symbol>
      <symbol id="sm-7cb">
         <name>ipc_NotifyIntDisable</name>
         <value>0xc108e5f0</value>
         <object_component_ref idref="oc-eb"/>
      </symbol>
      <symbol id="sm-7cc">
         <name>ipc_SetIpcInt</name>
         <value>0xc108e63c</value>
         <object_component_ref idref="oc-eb"/>
      </symbol>
      <symbol id="sm-7cd">
         <name>ipc_CheckIntStatus</name>
         <value>0xc108e670</value>
         <object_component_ref idref="oc-eb"/>
      </symbol>
      <symbol id="sm-7ce">
         <name>ipc_ClearIpcInt</name>
         <value>0xc108e604</value>
         <object_component_ref idref="oc-eb"/>
      </symbol>
      <symbol id="sm-7cf">
         <name>ipc_RegisterInt</name>
         <value>0xc108e5b4</value>
         <object_component_ref idref="oc-eb"/>
      </symbol>
      <symbol id="sm-7d0">
         <name>ipc_NotifyIsr</name>
         <value>0xc108e584</value>
         <object_component_ref idref="oc-eb"/>
      </symbol>
      <symbol id="sm-7d1">
         <name>ipc_CheckIpcIntStatus</name>
         <value>0xc108e680</value>
         <object_component_ref idref="oc-eb"/>
      </symbol>
      <symbol id="sm-7d2">
         <name>ipc_NotifyIntEnable</name>
         <value>0xc108e5dc</value>
         <object_component_ref idref="oc-eb"/>
      </symbol>
      <symbol id="sm-7f7">
         <name>PSCModuleControl</name>
         <value>0xc108df50</value>
         <object_component_ref idref="oc-59"/>
      </symbol>
      <symbol id="sm-819">
         <name>GPIOPinIntClear</name>
         <value>0xc108bd40</value>
         <object_component_ref idref="oc-9e"/>
      </symbol>
      <symbol id="sm-81a">
         <name>GPIODirModeGet</name>
         <value>0xc108b8bc</value>
         <object_component_ref idref="oc-9e"/>
      </symbol>
      <symbol id="sm-81b">
         <name>GPIOIntTypeSet</name>
         <value>0xc108ba68</value>
         <object_component_ref idref="oc-9e"/>
      </symbol>
      <symbol id="sm-81c">
         <name>GPIOIntTypeGet</name>
         <value>0xc108bc0c</value>
         <object_component_ref idref="oc-9e"/>
      </symbol>
      <symbol id="sm-81d">
         <name>GPIOPinRead</name>
         <value>0xc108b9e8</value>
         <object_component_ref idref="oc-9e"/>
      </symbol>
      <symbol id="sm-81e">
         <name>GPIODirModeSet</name>
         <value>0xc108b80c</value>
         <object_component_ref idref="oc-9e"/>
      </symbol>
      <symbol id="sm-81f">
         <name>GPIOBankPinsWrite</name>
         <value>0xc108be08</value>
         <object_component_ref idref="oc-9e"/>
      </symbol>
      <symbol id="sm-820">
         <name>GPIOPinWrite</name>
         <value>0xc108b93c</value>
         <object_component_ref idref="oc-9e"/>
      </symbol>
      <symbol id="sm-821">
         <name>GPIOBankIntEnable</name>
         <value>0xc108bda8</value>
         <object_component_ref idref="oc-9e"/>
      </symbol>
      <symbol id="sm-822">
         <name>GPIOBankIntDisable</name>
         <value>0xc108bdd8</value>
         <object_component_ref idref="oc-9e"/>
      </symbol>
      <symbol id="sm-823">
         <name>GPIOPinIntStatus</name>
         <value>0xc108bcc0</value>
         <object_component_ref idref="oc-9e"/>
      </symbol>
      <symbol id="sm-832">
         <name>SysCfgRegistersUnlock</name>
         <value>0xc108f57c</value>
         <object_component_ref idref="oc-54"/>
      </symbol>
      <symbol id="sm-833">
         <name>SysCfgRegistersLock</name>
         <value>0xc108f598</value>
         <object_component_ref idref="oc-54"/>
      </symbol>
      <symbol id="sm-834">
         <name>__TI_static_base__</name>
         <value>0xc1091f80</value>
      </symbol>
      <symbol id="sm-835">
         <name>SHT$$INIT_ARRAY$$Limit</name>
         <value>0x0</value>
      </symbol>
      <symbol id="sm-836">
         <name>SHT$$INIT_ARRAY$$Base</name>
         <value>0x0</value>
      </symbol>
      <symbol id="sm-837">
         <name>__TI_args_main</name>
         <value>0x1</value>
      </symbol>
      <symbol id="sm-83b">
         <name>remove</name>
         <value>0xc108c5e8</value>
      </symbol>
   </symbol_table>
   <title>Link successful</title>
</link_info>
